2026-06-18T17:34:34.151+0330	INFO	app/bootstrap.go:33	running database migrations
2026/06/18 17:34:34 goose: no migrations to run. current version: 33
[GIN-debug] [WARNING] Running in "debug" mode. Switch to "release" mode in production.
 - using env:	export GIN_MODE=release
 - using code:	gin.SetMode(gin.ReleaseMode)

[GIN-debug] GET    /uploads/*filepath        --> music/internal/app.registerMediaRoutes.func1 (5 handlers)
[GIN-debug] GET    /api/v1/swagger/*any      --> github.com/swaggo/gin-swagger.CustomWrapHandler.func1 (5 handlers)
[GIN-debug] GET    /api/v1/metrics           --> music/internal/app.(*App).RegisterRoutes.WrapH.func3 (5 handlers)
[GIN-debug] GET    /api/v1/favicon.ico       --> music/internal/app.(*App).RegisterRoutes.func1 (5 handlers)
[GIN-debug] GET    /api/v1/health            --> music/internal/modules/health.(*Handler).Health-fm (5 handlers)
[GIN-debug] GET    /api/v1/health/live       --> music/internal/modules/health.(*Handler).Live-fm (5 handlers)
[GIN-debug] GET    /api/v1/health/ready      --> music/internal/modules/health.(*Handler).Ready-fm (5 handlers)
[GIN-debug] GET    /api/v1/users/:id/profile --> music/internal/modules/auth.(*Handler).GetPublicProfile-fm (5 handlers)
[GIN-debug] POST   /api/v1/auth/register     --> music/internal/modules/auth.(*Handler).Register-fm (5 handlers)
[GIN-debug] POST   /api/v1/auth/login        --> music/internal/modules/auth.(*Handler).Login-fm (5 handlers)
[GIN-debug] POST   /api/v1/auth/refresh      --> music/internal/modules/auth.(*Handler).Refresh-fm (5 handlers)
[GIN-debug] POST   /api/v1/auth/logout       --> music/internal/modules/auth.(*Handler).Logout-fm (5 handlers)
[GIN-debug] GET    /api/v1/auth/me           --> music/internal/modules/auth.(*Handler).Me-fm (6 handlers)
[GIN-debug] GET    /api/v1/admin/users       --> music/internal/modules/auth.(*Handler).AdminListUsers-fm (7 handlers)
[GIN-debug] GET    /api/v1/admin/users/:id   --> music/internal/modules/auth.(*Handler).AdminGetUser-fm (7 handlers)
[GIN-debug] PATCH  /api/v1/admin/users/:id   --> music/internal/modules/auth.(*Handler).AdminUpdateUser-fm (7 handlers)
[GIN-debug] DELETE /api/v1/admin/users/:id   --> music/internal/modules/auth.(*Handler).AdminDeleteUser-fm (7 handlers)
[GIN-debug] GET    /api/v1/admin/media       --> music/internal/modules/media.(*Handler).ListAdminMedia-fm (7 handlers)
[GIN-debug] POST   /api/v1/admin/media/upload --> music/internal/modules/media.(*Handler).UploadAdminMedia-fm (7 handlers)
[GIN-debug] DELETE /api/v1/admin/media/:id   --> music/internal/modules/media.(*Handler).DeleteAdminMedia-fm (7 handlers)
[GIN-debug] POST   /api/v1/admin/ingestion/upload --> music/internal/modules/ingestion.(*Handler).Upload-fm (7 handlers)
[GIN-debug] GET    /api/v1/admin/ingestion/drafts --> music/internal/modules/ingestion.(*Handler).ListDrafts-fm (7 handlers)
[GIN-debug] GET    /api/v1/admin/ingestion/drafts/:id --> music/internal/modules/ingestion.(*Handler).GetDraft-fm (7 handlers)
[GIN-debug] POST   /api/v1/admin/ingestion/drafts/:id/enrich --> music/internal/modules/ingestion.(*Handler).EnrichDraft-fm (7 handlers)
[GIN-debug] GET    /api/v1/admin/ingestion/drafts/:id/suggestions --> music/internal/modules/ingestion.(*Handler).GetDraftSuggestions-fm (7 handlers)
[GIN-debug] PATCH  /api/v1/admin/ingestion/drafts/:id/final-metadata --> music/internal/modules/ingestion.(*Handler).SaveFinalMetadata-fm (7 handlers)
[GIN-debug] POST   /api/v1/admin/ingestion/drafts/:id/reject --> music/internal/modules/ingestion.(*Handler).RejectDraft-fm (7 handlers)
[GIN-debug] POST   /api/v1/admin/ingestion/drafts/:id/finalize --> music/internal/modules/ingestion.(*Handler).FinalizeDraft-fm (7 handlers)
[GIN-debug] POST   /api/v1/admin/ingestion/drafts/:id/images/:entity --> music/internal/modules/ingestion.(*Handler).UploadDraftImage-fm (7 handlers)
[GIN-debug] GET    /api/v1/admin/ingestion/stats --> music/internal/modules/ingestion.(*Handler).GetStats-fm (7 handlers)
[GIN-debug] POST   /api/v1/admin/ingestion/cleanup --> music/internal/modules/ingestion.(*Handler).TriggerCleanup-fm (7 handlers)
[GIN-debug] GET    /api/v1/admin/ingestion/config --> music/internal/modules/ingestion.(*Handler).GetConfig-fm (7 handlers)
[GIN-debug] GET    /api/v1/admin/catalog/artists/search --> music/internal/modules/ingestion.(*Handler).SearchArtists-fm (7 handlers)
[GIN-debug] GET    /api/v1/admin/catalog/albums/search --> music/internal/modules/ingestion.(*Handler).SearchAlbums-fm (7 handlers)
[GIN-debug] GET    /api/v1/catalog/artists   --> music/internal/modules/catalog/artist.(*Handler).List-fm (7 handlers)
[GIN-debug] GET    /api/v1/catalog/artists/:artistID --> music/internal/modules/catalog/artist.(*Handler).Get-fm (7 handlers)
[GIN-debug] GET    /api/v1/catalog/artists/:artistID/overview --> music/internal/modules/catalog/artist.(*Handler).Overview-fm (7 handlers)
[GIN-debug] GET    /api/v1/catalog/artists/:artistID/tracks --> music/internal/modules/catalog/artist.(*Handler).Tracks-fm (7 handlers)
[GIN-debug] GET    /api/v1/catalog/artists/:artistID/albums --> music/internal/modules/catalog/artist.(*Handler).Albums-fm (7 handlers)
[GIN-debug] GET    /api/v1/catalog/artists/:artistID/singles --> music/internal/modules/catalog/artist.(*Handler).Singles-fm (7 handlers)
[GIN-debug] GET    /api/v1/catalog/artists/:artistID/appears-on --> music/internal/modules/catalog/artist.(*Handler).AppearsOn-fm (7 handlers)
[GIN-debug] GET    /api/v1/catalog/artists/:artistID/top-tracks --> music/internal/modules/catalog/artist.(*Handler).TopTracks-fm (7 handlers)
[GIN-debug] GET    /api/v1/catalog/artists/:artistID/related --> music/internal/modules/catalog/artist.(*Handler).Related-fm (7 handlers)
[GIN-debug] GET    /api/v1/catalog/albums    --> music/internal/modules/catalog/album.(*Handler).List-fm (7 handlers)
[GIN-debug] GET    /api/v1/catalog/albums/:albumID --> music/internal/modules/catalog/album.(*Handler).Get-fm (7 handlers)
[GIN-debug] GET    /api/v1/catalog/albums/:albumID/tracks --> music/internal/modules/catalog/album.(*Handler).Tracks-fm (7 handlers)
[GIN-debug] GET    /api/v1/catalog/albums/:albumID/artists --> music/internal/modules/catalog/album.(*Handler).Artists-fm (7 handlers)
[GIN-debug] GET    /api/v1/catalog/tracks    --> music/internal/modules/catalog/track.(*Handler).ListPublic-fm (7 handlers)
[GIN-debug] GET    /api/v1/catalog/tracks/:trackID --> music/internal/modules/catalog/track.(*Handler).Get-fm (7 handlers)
[GIN-debug] GET    /api/v1/catalog/tracks/:trackID/credits --> music/internal/modules/catalog/track.(*Handler).Credits-fm (7 handlers)
[GIN-debug] GET    /api/v1/catalog/tracks/:trackID/artists --> music/internal/modules/catalog/track.(*Handler).Artists-fm (7 handlers)
[GIN-debug] GET    /api/v1/catalog/genres    --> music/internal/modules/catalog/genre.(*Handler).List-fm (7 handlers)
[GIN-debug] GET    /api/v1/catalog/genres/:genreID --> music/internal/modules/catalog/genre.(*Handler).Get-fm (7 handlers)
[GIN-debug] GET    /api/v1/admin/catalog/artist --> music/internal/modules/catalog/artist.(*Handler).List-fm (7 handlers)
[GIN-debug] POST   /api/v1/admin/catalog/artist --> music/internal/modules/catalog/artist.(*Handler).Create-fm (7 handlers)
[GIN-debug] PATCH  /api/v1/admin/catalog/artist/:artistID --> music/internal/modules/catalog/artist.(*Handler).Update-fm (7 handlers)
[GIN-debug] DELETE /api/v1/admin/catalog/artist/:artistID --> music/internal/modules/catalog/artist.(*Handler).Delete-fm (7 handlers)
[GIN-debug] PUT    /api/v1/admin/catalog/artist/:artistID/related --> music/internal/modules/catalog/artist.(*Handler).ReplaceRelated-fm (7 handlers)
[GIN-debug] PUT    /api/v1/admin/catalog/artist/:artistID/top-tracks --> music/internal/modules/catalog/artist.(*Handler).ReplaceTopTracks-fm (7 handlers)
[GIN-debug] GET    /api/v1/admin/catalog/albums --> music/internal/modules/catalog/album.(*Handler).List-fm (7 handlers)
[GIN-debug] POST   /api/v1/admin/catalog/albums --> music/internal/modules/catalog/album.(*Handler).Create-fm (7 handlers)
[GIN-debug] PATCH  /api/v1/admin/catalog/albums/:albumID --> music/internal/modules/catalog/album.(*Handler).Update-fm (7 handlers)
[GIN-debug] DELETE /api/v1/admin/catalog/albums/:albumID --> music/internal/modules/catalog/album.(*Handler).Delete-fm (7 handlers)
[GIN-debug] PUT    /api/v1/admin/catalog/albums/:albumID/artists --> music/internal/modules/catalog/album.(*Handler).ReplaceArtists-fm (7 handlers)
[GIN-debug] GET    /api/v1/admin/catalog/tracks --> music/internal/modules/catalog/track.(*Handler).ListAdmin-fm (7 handlers)
[GIN-debug] POST   /api/v1/admin/catalog/tracks --> music/internal/modules/catalog/track.(*Handler).Create-fm (7 handlers)
[GIN-debug] PATCH  /api/v1/admin/catalog/tracks/:trackID --> music/internal/modules/catalog/track.(*Handler).Update-fm (7 handlers)
[GIN-debug] DELETE /api/v1/admin/catalog/tracks/:trackID --> music/internal/modules/catalog/track.(*Handler).Delete-fm (7 handlers)
[GIN-debug] PUT    /api/v1/admin/catalog/tracks/:trackID/credits --> music/internal/modules/catalog/track.(*Handler).ReplaceCredits-fm (7 handlers)
[GIN-debug] PUT    /api/v1/admin/catalog/tracks/:trackID/artists --> music/internal/modules/catalog/track.(*Handler).ReplaceArtists-fm (7 handlers)
[GIN-debug] GET    /api/v1/admin/catalog/genres --> music/internal/modules/catalog/genre.(*Handler).List-fm (7 handlers)
[GIN-debug] POST   /api/v1/admin/catalog/genres --> music/internal/modules/catalog/genre.(*Handler).Create-fm (7 handlers)
[GIN-debug] PATCH  /api/v1/admin/catalog/genres/:genreID --> music/internal/modules/catalog/genre.(*Handler).Update-fm (7 handlers)
[GIN-debug] DELETE /api/v1/admin/catalog/genres/:genreID --> music/internal/modules/catalog/genre.(*Handler).Delete-fm (7 handlers)
[GIN-debug] GET    /api/v1/tracks/:trackId/lyrics --> music/internal/modules/lyrics.(*Handler).GetTrackLyrics-fm (5 handlers)
[GIN-debug] GET    /api/v1/tracks/:trackId/lyrics/all --> music/internal/modules/lyrics.(*Handler).GetLyricsByTrackID-fm (5 handlers)
[GIN-debug] POST   /api/v1/admin/lyrics      --> music/internal/modules/lyrics.(*Handler).CreateLyrics-fm (7 handlers)
[GIN-debug] PUT    /api/v1/admin/lyrics/:id  --> music/internal/modules/lyrics.(*Handler).UpdateLyrics-fm (7 handlers)
[GIN-debug] DELETE /api/v1/admin/lyrics/:id  --> music/internal/modules/lyrics.(*Handler).DeleteLyrics-fm (7 handlers)
[GIN-debug] GET    /api/v1/playlists         --> music/internal/modules/playlist.(*Handler).ListPublicPlaylists-fm (5 handlers)
[GIN-debug] GET    /api/v1/playlists/:id     --> music/internal/modules/playlist.(*Handler).GetPlaylist-fm (5 handlers)
[GIN-debug] POST   /api/v1/playlists         --> music/internal/modules/playlist.(*Handler).CreatePlaylist-fm (6 handlers)
[GIN-debug] GET    /api/v1/playlists/me      --> music/internal/modules/playlist.(*Handler).ListMyPlaylists-fm (6 handlers)
[GIN-debug] PUT    /api/v1/playlists/:id     --> music/internal/modules/playlist.(*Handler).UpdatePlaylist-fm (6 handlers)
[GIN-debug] DELETE /api/v1/playlists/:id     --> music/internal/modules/playlist.(*Handler).DeletePlaylist-fm (6 handlers)
[GIN-debug] POST   /api/v1/playlists/:id/tracks --> music/internal/modules/playlist.(*Handler).AddTrack-fm (6 handlers)
[GIN-debug] DELETE /api/v1/playlists/:id/tracks/:trackId --> music/internal/modules/playlist.(*Handler).RemoveTrack-fm (6 handlers)
[GIN-debug] PUT    /api/v1/playlists/:id/tracks/reorder --> music/internal/modules/playlist.(*Handler).ReorderTrack-fm (6 handlers)
[GIN-debug] GET    /api/v1/library/tracks    --> music/internal/modules/library.(*Handler).ListLikedTracks-fm (6 handlers)
[GIN-debug] POST   /api/v1/library/tracks/like --> music/internal/modules/library.(*Handler).LikeTrack-fm (6 handlers)
[GIN-debug] DELETE /api/v1/library/tracks/:trackId/like --> music/internal/modules/library.(*Handler).UnlikeTrack-fm (6 handlers)
[GIN-debug] GET    /api/v1/library/albums    --> music/internal/modules/library.(*Handler).ListLikedAlbums-fm (6 handlers)
[GIN-debug] POST   /api/v1/library/albums/like --> music/internal/modules/library.(*Handler).LikeAlbum-fm (6 handlers)
[GIN-debug] DELETE /api/v1/library/albums/:albumId/like --> music/internal/modules/library.(*Handler).UnlikeAlbum-fm (6 handlers)
[GIN-debug] GET    /api/v1/library/artists   --> music/internal/modules/library.(*Handler).ListFollowedArtists-fm (6 handlers)
[GIN-debug] POST   /api/v1/library/artists/follow --> music/internal/modules/library.(*Handler).FollowArtist-fm (6 handlers)
[GIN-debug] DELETE /api/v1/library/artists/:artistId/follow --> music/internal/modules/library.(*Handler).UnfollowArtist-fm (6 handlers)
[GIN-debug] POST   /api/v1/library/history   --> music/internal/modules/library.(*Handler).AddPlayHistory-fm (6 handlers)
[GIN-debug] GET    /api/v1/library/history   --> music/internal/modules/library.(*Handler).ListPlayHistory-fm (6 handlers)
[GIN-debug] GET    /api/v1/library/recently-played --> music/internal/modules/library.(*Handler).ListRecentlyPlayed-fm (6 handlers)
[GIN-debug] GET    /api/v1/queue             --> music/internal/modules/queue.(*Handler).GetQueue-fm (6 handlers)
[GIN-debug] POST   /api/v1/queue/tracks      --> music/internal/modules/queue.(*Handler).AddTrack-fm (6 handlers)
[GIN-debug] DELETE /api/v1/queue/tracks/:id  --> music/internal/modules/queue.(*Handler).RemoveTrack-fm (6 handlers)
[GIN-debug] PUT    /api/v1/queue/reorder     --> music/internal/modules/queue.(*Handler).Reorder-fm (6 handlers)
[GIN-debug] DELETE /api/v1/queue             --> music/internal/modules/queue.(*Handler).Clear-fm (6 handlers)
[GIN-debug] POST   /api/v1/artists/:id/follow --> music/internal/modules/follow.(*Handler).FollowArtist-fm (6 handlers)
[GIN-debug] DELETE /api/v1/artists/:id/follow --> music/internal/modules/follow.(*Handler).UnfollowArtist-fm (6 handlers)
[GIN-debug] POST   /api/v1/users/:id/follow  --> music/internal/modules/follow.(*Handler).FollowUser-fm (6 handlers)
[GIN-debug] DELETE /api/v1/users/:id/follow  --> music/internal/modules/follow.(*Handler).UnfollowUser-fm (6 handlers)
[GIN-debug] GET    /api/v1/recommendations/popular --> music/internal/modules/recommendation.(*Handler).PopularTracks-fm (5 handlers)
[GIN-debug] GET    /api/v1/recommendations/best --> music/internal/modules/recommendation.(*Handler).BestTracks-fm (5 handlers)
[GIN-debug] GET    /api/v1/recommendations/similar/:trackId --> music/internal/modules/recommendation.(*Handler).SimilarTracks-fm (5 handlers)
[GIN-debug] GET    /api/v1/recommendations/artist/:artistId --> music/internal/modules/recommendation.(*Handler).TracksByArtist-fm (5 handlers)
[GIN-debug] GET    /api/v1/recommendations/genre/:genre --> music/internal/modules/recommendation.(*Handler).TracksByGenre-fm (5 handlers)
[GIN-debug] GET    /api/v1/recommendations/recent --> music/internal/modules/recommendation.(*Handler).RecentTracks-fm (6 handlers)
[GIN-debug] GET    /api/v1/recommendations/for-you --> music/internal/modules/recommendation.(*Handler).ForYou-fm (6 handlers)
[GIN-debug] GET    /api/v1/history           --> music/internal/modules/history.(*Handler).GetHistory-fm (6 handlers)
[GIN-debug] POST   /api/v1/analytics/events  --> music/internal/modules/analytics.(*Handler).TrackEvent-fm (5 handlers)
[GIN-debug] GET    /api/v1/notifications     --> music/internal/modules/notification.(*Handler).ListNotifications-fm (6 handlers)
[GIN-debug] POST   /api/v1/notifications/:id/read --> music/internal/modules/notification.(*Handler).MarkAsRead-fm (6 handlers)
[GIN-debug] POST   /api/v1/notifications/read-all --> music/internal/modules/notification.(*Handler).MarkAllAsRead-fm (6 handlers)
[GIN-debug] POST   /api/v1/moderation/report --> music/internal/modules/moderation.(*Handler).Report-fm (5 handlers)
[GIN-debug] GET    /api/v1/moderation/pending --> music/internal/modules/moderation.(*Handler).ListPending-fm (6 handlers)
[GIN-debug] GET    /api/v1/moderation/status/:status --> music/internal/modules/moderation.(*Handler).ListByStatus-fm (6 handlers)
[GIN-debug] GET    /api/v1/moderation/reports/:id --> music/internal/modules/moderation.(*Handler).GetReport-fm (6 handlers)
[GIN-debug] POST   /api/v1/moderation/resolve/:id --> music/internal/modules/moderation.(*Handler).Resolve-fm (6 handlers)
[GIN-debug] POST   /api/v1/moderation/bulk   --> music/internal/modules/moderation.(*Handler).BulkAction-fm (6 handlers)
[GIN-debug] POST   /api/v1/moderation/flag   --> music/internal/modules/moderation.(*Handler).FlagContent-fm (6 handlers)
[GIN-debug] GET    /api/v1/moderation/flags  --> music/internal/modules/moderation.(*Handler).ListFlags-fm (6 handlers)
[GIN-debug] GET    /api/v1/moderation/stats  --> music/internal/modules/moderation.(*Handler).GetStats-fm (6 handlers)
[GIN-debug] GET    /api/v1/moderation/actions --> music/internal/modules/moderation.(*Handler).GetActions-fm (6 handlers)
[GIN-debug] GET    /api/v1/admin/dashboard/stats --> music/internal/modules/dashboard.(*Handler).GetStats-fm (7 handlers)
[GIN-debug] GET    /api/v1/contributions/leaderboard --> music/internal/modules/contribution.(*Handler).GetLeaderboard-fm (5 handlers)
[GIN-debug] POST   /api/v1/contributions     --> music/internal/modules/contribution.(*Handler).Create-fm (6 handlers)
[GIN-debug] GET    /api/v1/contributions     --> music/internal/modules/contribution.(*Handler).ListMyContributions-fm (6 handlers)
[GIN-debug] GET    /api/v1/contributions/pending --> music/internal/modules/contribution.(*Handler).ListPending-fm (6 handlers)
[GIN-debug] GET    /api/v1/contributions/:id --> music/internal/modules/contribution.(*Handler).GetByID-fm (6 handlers)
[GIN-debug] POST   /api/v1/contributions/:id/review --> music/internal/modules/contribution.(*Handler).Review-fm (6 handlers)
[GIN-debug] GET    /api/v1/contributions/:id/history --> music/internal/modules/contribution.(*Handler).GetHistory-fm (6 handlers)
[GIN-debug] GET    /api/v1/content/:targetType/:targetID/contributions --> music/internal/modules/contribution.(*Handler).ListByTarget-fm (6 handlers)
[GIN-debug] GET    /api/v1/content/:targetType/:targetID/versions --> music/internal/modules/contribution.(*Handler).GetContentVersions-fm (6 handlers)
[GIN-debug] GET    /api/v1/admin/contributions --> music/internal/modules/contribution.(*Handler).ListByStatus-fm (7 handlers)
[GIN-debug] POST   /api/v1/admin/contributions/:id/apply --> music/internal/modules/contribution.(*Handler).Apply-fm (7 handlers)
[GIN-debug] GET    /api/v1/admin/import/search --> music/internal/modules/importcmd.(*Handler).Search-fm (7 handlers)
[GIN-debug] POST   /api/v1/admin/import/import --> music/internal/modules/importcmd.(*Handler).Import-fm (7 handlers)
[GIN-debug] GET    /api/v1/admin/import/:jobId/progress --> music/internal/modules/importcmd.(*Handler).GetProgress-fm (7 handlers)
[GIN-debug] GET    /api/v1/subscription/plans --> music/internal/modules/subscription.(*Handler).ListPlans-fm (5 handlers)
[GIN-debug] GET    /api/v1/subscription/me   --> music/internal/modules/subscription.(*Handler).CurrentSubscription-fm (6 handlers)
[GIN-debug] GET    /api/v1/subscription/history --> music/internal/modules/subscription.(*Handler).ListSubscriptions-fm (6 handlers)
[GIN-debug] POST   /api/v1/subscription/checkout --> music/internal/modules/subscription.(*Handler).Checkout-fm (6 handlers)
[GIN-debug] POST   /api/v1/subscription/cancel --> music/internal/modules/subscription.(*Handler).CancelCurrentSubscription-fm (6 handlers)
[GIN-debug] GET    /api/v1/subscription/payments --> music/internal/modules/subscription.(*Handler).ListPayments-fm (6 handlers)
[GIN-debug] GET    /api/v1/player/tracks/:id --> music/internal/modules/player.(*Handler).GetPlaybackTrack-fm (5 handlers)
[GIN-debug] GET    /api/v1/player/tracks/:id/stream --> music/internal/modules/player.(*Handler).StreamTrack-fm (5 handlers)
[GIN-debug] GET    /api/v1/admin/player/tracks/:id --> music/internal/modules/player.(*Handler).GetAdminPlaybackTrack-fm (7 handlers)
[GIN-debug] GET    /api/v1/admin/player/tracks/:id/stream --> music/internal/modules/player.(*Handler).StreamAdminTrack-fm (7 handlers)
[GIN-debug] GET    /api/v1/search            --> music/internal/modules/search.(*Handler).Search-fm (7 handlers)
[GIN-debug] GET    /api/v1/catalog/search    --> music/internal/modules/search.(*Handler).Search-fm (7 handlers)
[GIN-debug] GET    /api/v1/ws                --> music/internal/app.(*App).RegisterRoutes.func2 (5 handlers)
[GIN-debug] POST   /api/v1/reactions         --> music/internal/modules/reactions.(*Handler).React-fm (6 handlers)
[GIN-debug] DELETE /api/v1/reactions/:targetType/:targetId --> music/internal/modules/reactions.(*Handler).RemoveReaction-fm (6 handlers)
[GIN-debug] GET    /api/v1/reactions/:targetType/:targetId/mine --> music/internal/modules/reactions.(*Handler).GetUserReaction-fm (6 handlers)
[GIN-debug] GET    /api/v1/reactions/:targetType/:targetId/counts --> music/internal/modules/reactions.(*Handler).GetCounts-fm (6 handlers)
[GIN-debug] GET    /api/v1/reactions/tracks  --> music/internal/modules/reactions.(*Handler).GetLikedTracks-fm (6 handlers)
[GIN-debug] GET    /api/v1/reactions/albums  --> music/internal/modules/reactions.(*Handler).GetLikedAlbums-fm (6 handlers)
[GIN-debug] GET    /api/v1/gamification/profile --> music/internal/modules/gamification.(*Handler).GetProfile-fm (6 handlers)
[GIN-debug] POST   /api/v1/gamification/xp   --> music/internal/modules/gamification.(*Handler).AddXP-fm (6 handlers)
[GIN-debug] GET    /api/v1/gamification/badges --> music/internal/modules/gamification.(*Handler).GetBadges-fm (6 handlers)
[GIN-debug] GET    /api/v1/gamification/challenges --> music/internal/modules/gamification.(*Handler).GetChallenges-fm (6 handlers)
[GIN-debug] GET    /api/v1/gamification/leaderboard --> music/internal/modules/gamification.(*Handler).GetLeaderboard-fm (6 handlers)
[GIN-debug] POST   /api/v1/gamification/badges/check --> music/internal/modules/gamification.(*Handler).CheckBadges-fm (6 handlers)
[GIN-debug] GET    /api/v1/creator/overview  --> music/internal/modules/creator.(*Handler).GetOverview-fm (6 handlers)
[GIN-debug] GET    /api/v1/creator/daily     --> music/internal/modules/creator.(*Handler).GetDailyStats-fm (6 handlers)
[GIN-debug] GET    /api/v1/creator/tracks    --> music/internal/modules/creator.(*Handler).GetTrackStats-fm (6 handlers)
[GIN-debug] POST   /api/v1/creator/refresh   --> music/internal/modules/creator.(*Handler).RefreshStats-fm (6 handlers)
[GIN-debug] GET    /api/v1/creator/check     --> music/internal/modules/creator.(*Handler).IsCreator-fm (6 handlers)
[GIN-debug] GET    /api/v1/creator/earnings  --> music/internal/modules/creator.(*Handler).GetEarnings-fm (6 handlers)
[GIN-debug] GET    /api/v1/creator/earnings/payouts --> music/internal/modules/creator.(*Handler).GetPayoutHistory-fm (6 handlers)
[GIN-debug] GET    /api/v1/creator/earnings/methods --> music/internal/modules/creator.(*Handler).GetPayoutMethods-fm (6 handlers)
[GIN-debug] GET    /api/v1/creator/audience  --> music/internal/modules/creator.(*Handler).GetAudience-fm (6 handlers)
[GIN-debug] GET    /api/v1/creator/content   --> music/internal/modules/creator.(*Handler).GetContent-fm (6 handlers)
[GIN-debug] PUT    /api/v1/creator/tracks/:trackId --> music/internal/modules/creator.(*Handler).UpdateTrack-fm (6 handlers)
[GIN-debug] PUT    /api/v1/creator/albums/:albumId --> music/internal/modules/creator.(*Handler).UpdateAlbum-fm (6 handlers)
[GIN-debug] DELETE /api/v1/creator/tracks/:trackId --> music/internal/modules/creator.(*Handler).DeleteTrack-fm (6 handlers)
[GIN-debug] DELETE /api/v1/creator/albums/:albumId --> music/internal/modules/creator.(*Handler).DeleteAlbum-fm (6 handlers)
[GIN-debug] GET    /api/v1/social/parties    --> music/internal/modules/social.(*Handler).ListActiveParties-fm (5 handlers)
[GIN-debug] GET    /api/v1/social/parties/:id --> music/internal/modules/social.(*Handler).GetParty-fm (5 handlers)
[GIN-debug] GET    /api/v1/social/rooms      --> music/internal/modules/social.(*Handler).ListActiveRooms-fm (5 handlers)
[GIN-debug] GET    /api/v1/social/rooms/:id  --> music/internal/modules/social.(*Handler).GetRoom-fm (5 handlers)
[GIN-debug] GET    /api/v1/social/rooms/:id/participants --> music/internal/modules/social.(*Handler).GetRoomParticipants-fm (5 handlers)
[GIN-debug] GET    /api/v1/social/rooms/:id/queue --> music/internal/modules/social.(*Handler).GetRoomQueue-fm (5 handlers)
[GIN-debug] GET    /api/v1/social/clubs      --> music/internal/modules/social.(*Handler).ListClubs-fm (5 handlers)
[GIN-debug] GET    /api/v1/social/clubs/:id  --> music/internal/modules/social.(*Handler).GetClub-fm (5 handlers)
[GIN-debug] GET    /api/v1/social/clubs/:id/members --> music/internal/modules/social.(*Handler).GetClubMembers-fm (5 handlers)
[GIN-debug] GET    /api/v1/social/clubs/:id/posts --> music/internal/modules/social.(*Handler).GetClubPosts-fm (5 handlers)
[GIN-debug] GET    /api/v1/social/discussions --> music/internal/modules/social.(*Handler).GetDiscussions-fm (5 handlers)
[GIN-debug] GET    /api/v1/social/followers/:userId --> music/internal/modules/social.(*Handler).GetFollowers-fm (5 handlers)
[GIN-debug] GET    /api/v1/social/following/:userId --> music/internal/modules/social.(*Handler).GetFollowing-fm (5 handlers)
[GIN-debug] GET    /api/v1/social/following  --> music/internal/modules/social.(*Handler).GetFollowing-fm (5 handlers)
[GIN-debug] GET    /api/v1/social/ratings/:trackId --> music/internal/modules/social.(*Handler).GetTrackRatings-fm (5 handlers)
[GIN-debug] GET    /api/v1/social/feed       --> music/internal/modules/social.(*Handler).GetFeed-fm (6 handlers)
[GIN-debug] POST   /api/v1/social/follow/:userId --> music/internal/modules/social.(*Handler).Follow-fm (6 handlers)
[GIN-debug] DELETE /api/v1/social/follow/:userId --> music/internal/modules/social.(*Handler).Unfollow-fm (6 handlers)
[GIN-debug] GET    /api/v1/social/is-following/:userId --> music/internal/modules/social.(*Handler).IsFollowing-fm (6 handlers)
[GIN-debug] POST   /api/v1/social/parties    --> music/internal/modules/social.(*Handler).CreateParty-fm (6 handlers)
[GIN-debug] PUT    /api/v1/social/parties/:id/status --> music/internal/modules/social.(*Handler).UpdatePartyStatus-fm (6 handlers)
[GIN-debug] POST   /api/v1/social/parties/:id/join --> music/internal/modules/social.(*Handler).JoinParty-fm (6 handlers)
[GIN-debug] POST   /api/v1/social/parties/:id/leave --> music/internal/modules/social.(*Handler).LeaveParty-fm (6 handlers)
[GIN-debug] POST   /api/v1/social/rooms      --> music/internal/modules/social.(*Handler).CreateRoom-fm (6 handlers)
[GIN-debug] POST   /api/v1/social/rooms/:id/join --> music/internal/modules/social.(*Handler).JoinRoom-fm (6 handlers)
[GIN-debug] POST   /api/v1/social/rooms/:id/leave --> music/internal/modules/social.(*Handler).LeaveRoom-fm (6 handlers)
[GIN-debug] POST   /api/v1/social/rooms/:id/queue --> music/internal/modules/social.(*Handler).AddToRoomQueue-fm (6 handlers)
[GIN-debug] POST   /api/v1/social/rooms/:id/queue/suggest --> music/internal/modules/social.(*Handler).SuggestTrack-fm (6 handlers)
[GIN-debug] POST   /api/v1/social/rooms/:id/queue/:candidateId/vote --> music/internal/modules/social.(*Handler).CastVote-fm (6 handlers)
[GIN-debug] DELETE /api/v1/social/rooms/:id/queue/:candidateId/vote --> music/internal/modules/social.(*Handler).RemoveVote-fm (6 handlers)
[GIN-debug] GET    /api/v1/social/rooms/:id/queue/state --> music/internal/modules/social.(*Handler).GetQueueState-fm (6 handlers)
[GIN-debug] POST   /api/v1/social/rooms/:id/track-ended --> music/internal/modules/social.(*Handler).TrackEnded-fm (6 handlers)
[GIN-debug] POST   /api/v1/social/rooms/:id/stage/raise-hand --> music/internal/modules/social.(*Handler).RaiseHand-fm (6 handlers)
[GIN-debug] POST   /api/v1/social/rooms/:id/stage/lower-hand --> music/internal/modules/social.(*Handler).LowerHand-fm (6 handlers)
[GIN-debug] POST   /api/v1/social/rooms/:id/stage/:userId/approve --> music/internal/modules/social.(*Handler).ApproveHand-fm (6 handlers)
[GIN-debug] POST   /api/v1/social/rooms/:id/stage/:userId/deny --> music/internal/modules/social.(*Handler).DenyHand-fm (6 handlers)
[GIN-debug] DELETE /api/v1/social/rooms/:id/stage/:userId --> music/internal/modules/social.(*Handler).RemoveFromStage-fm (6 handlers)
[GIN-debug] POST   /api/v1/social/rooms/:id/stage/leave --> music/internal/modules/social.(*Handler).LeaveStage-fm (6 handlers)
[GIN-debug] POST   /api/v1/social/rooms/:id/stage/:userId/mute --> music/internal/modules/social.(*Handler).ToggleMute-fm (6 handlers)
[GIN-debug] GET    /api/v1/social/rooms/:id/stage --> music/internal/modules/social.(*Handler).GetStageState-fm (6 handlers)
[GIN-debug] POST   /api/v1/social/clubs      --> music/internal/modules/social.(*Handler).CreateClub-fm (6 handlers)
[GIN-debug] GET    /api/v1/social/clubs/browse --> music/internal/modules/social.(*Handler).ListClubsWithGenre-fm (6 handlers)
[GIN-debug] GET    /api/v1/social/clubs/:id/detail --> music/internal/modules/social.(*Handler).GetClubDetail-fm (6 handlers)
[GIN-debug] POST   /api/v1/social/clubs/:id/join --> music/internal/modules/social.(*Handler).JoinClub-fm (6 handlers)
[GIN-debug] POST   /api/v1/social/clubs/:id/leave --> music/internal/modules/social.(*Handler).LeaveClub-fm (6 handlers)
[GIN-debug] POST   /api/v1/social/clubs/:id/launch-party --> music/internal/modules/social.(*Handler).LaunchPartyFromClub-fm (6 handlers)
[GIN-debug] POST   /api/v1/social/clubs/:id/posts --> music/internal/modules/social.(*Handler).CreateClubPost-fm (6 handlers)
[GIN-debug] POST   /api/v1/social/discussions --> music/internal/modules/social.(*Handler).CreateDiscussion-fm (6 handlers)
[GIN-debug] POST   /api/v1/social/clubs/:id/discussions --> music/internal/modules/social.(*Handler).CreateClubDiscussion-fm (6 handlers)
[GIN-debug] GET    /api/v1/social/clubs/:id/discussions --> music/internal/modules/social.(*Handler).ListClubDiscussions-fm (6 handlers)
[GIN-debug] GET    /api/v1/social/discussions/:id --> music/internal/modules/social.(*Handler).GetClubDiscussion-fm (6 handlers)
[GIN-debug] GET    /api/v1/social/discussions/:id/replies --> music/internal/modules/social.(*Handler).GetClubDiscussionReplies-fm (6 handlers)
[GIN-debug] POST   /api/v1/social/discussions/:id/replies --> music/internal/modules/social.(*Handler).CreateClubDiscussionReply-fm (6 handlers)
[GIN-debug] DELETE /api/v1/social/discussions/:id --> music/internal/modules/social.(*Handler).DeleteClubDiscussion-fm (6 handlers)
[GIN-debug] DELETE /api/v1/social/discussions/:id/replies/:replyId --> music/internal/modules/social.(*Handler).DeleteClubDiscussionReply-fm (6 handlers)
[GIN-debug] POST   /api/v1/social/ratings    --> music/internal/modules/social.(*Handler).CreateRating-fm (6 handlers)
[GIN-debug] POST   /api/v1/ai/embeddings     --> music/internal/modules/ai.(*Handler).GenerateEmbedding-fm (6 handlers)
[GIN-debug] POST   /api/v1/ai/moods          --> music/internal/modules/ai.(*Handler).AnalyzeMood-fm (6 handlers)
[GIN-debug] GET    /api/v1/ai/moods/:trackId --> music/internal/modules/ai.(*Handler).GetMood-fm (6 handlers)
[GIN-debug] POST   /api/v1/ai/playlists/generate --> music/internal/modules/ai.(*Handler).GeneratePlaylist-fm (6 handlers)
[GIN-debug] GET    /api/v1/ai/similar/mood/:trackId --> music/internal/modules/ai.(*Handler).SimilarByMood-fm (6 handlers)
[GIN-debug] GET    /api/v1/ai/similar/embedding/:trackId --> music/internal/modules/ai.(*Handler).SimilarByEmbedding-fm (6 handlers)
2026-06-18T17:34:34.203+0330	INFO	api/main.go:44	starting server	{"addr": "0.0.0.0:8080", "env": "development"}
2026-06-18T17:34:34.205+0330	FATAL	api/main.go:50	server failed	{"error": "listen tcp 0.0.0.0:8080: bind: address already in use"}
main.main.func1
	/run/media/space/6A2447ED2447BAB9/projects/music/cmd/api/main.go:50
exit status 1
