[16:55:07] Cleaning up stale processes...
[16:55:08] Starting frontend on :5173...
[16:55:11] Starting API on :8080...
[16:55:11] Watchdog active — checking every 15s (Ctrl+C to stop)
[16:55:26] Frontend OK (HTTP 000000)
[16:55:27] API OK (HTTP 000}000)
[16:55:42] Frontend OK (HTTP 000000)
[16:55:42] API OK (HTTP 000}000)
[16:55:57] Frontend OK (HTTP 000000)
[16:55:57] API OK (HTTP 000}000)
[16:56:12] Frontend OK (HTTP 000000)
[16:56:12] API OK (HTTP 000}000)
[16:56:27] Frontend OK (HTTP 000000)
[16:56:27] API OK (HTTP 000}000)
[16:56:42] Frontend OK (HTTP 000000)
[16:56:42] API OK (HTTP 000}000)
[16:56:57] Frontend OK (HTTP 000000)
[16:56:57] API OK (HTTP 000}000)
[16:57:12] Frontend OK (HTTP 000000)
[16:57:12] API OK (HTTP 000}000)
[16:57:27] Frontend OK (HTTP 000000)
[16:57:27] API OK (HTTP 000}000)
[16:57:42] Frontend OK (HTTP 000000)
[16:57:42] API OK (HTTP 000}000)
[16:57:57] Frontend OK (HTTP 000000)
[16:57:57] API OK (HTTP 000}000)
[16:58:12] Frontend OK (HTTP 000000)
[16:58:12] API OK (HTTP 000}000)
[16:58:27] Frontend OK (HTTP 000000)
[16:58:27] API OK (HTTP 000}000)
[16:58:42] Frontend OK (HTTP 000000)
[16:58:42] API OK (HTTP 000}000)
[16:58:43] Shutting down watchdog...
[17:05:03] Cleaning up stale processes...
[17:05:05] Starting frontend on :5173...
[17:05:08] Starting API on :8080...
[17:05:08] Watchdog v2 active — checking every 10s (Ctrl+C to stop)
[17:05:18] ERROR: Postgres is not reachable
[17:05:18] Frontend OK (HTTP 000000)
[17:05:18] API OK (HTTP 200)
[17:05:28] ERROR: Postgres is not reachable
[17:05:28] Frontend OK (HTTP 000000)
[17:05:28] API OK (HTTP 200)
[17:05:38] ERROR: Postgres is not reachable
[17:05:38] Frontend OK (HTTP 000000)
[17:05:38] API OK (HTTP 200)
[17:05:48] ERROR: Postgres is not reachable
[17:05:48] Frontend OK (HTTP 000000)
[17:05:48] API OK (HTTP 200)
[17:05:58] Cleaning up stale processes...
[17:05:59] ERROR: Postgres is not reachable
[17:05:59] Frontend OK (HTTP 000000)
[17:05:59] API OK (HTTP 000000)
[17:05:59] Starting frontend on :5173...
[17:06:02] Starting API on :8080...
[17:06:02] Watchdog v2 active — checking every 10s (Ctrl+C to stop)
[17:06:09] ERROR: Postgres is not reachable
[17:06:09] Frontend OK (HTTP 000000)
[17:06:09] API OK (HTTP 200)
[17:06:09] ESCALATING: 6 consecutive failures — check .watchdog-status.json
[17:06:13] ERROR: Postgres is not reachable
[17:06:13] Frontend OK (HTTP 000000)
[17:06:13] API OK (HTTP 200)
[17:06:19] ERROR: Postgres is not reachable
[17:06:19] Frontend OK (HTTP 000000)
[17:06:19] API OK (HTTP 200)
[17:06:23] ERROR: Postgres is not reachable
[17:06:23] Frontend OK (HTTP 000000)
[17:06:23] API OK (HTTP 200)
[17:06:29] ERROR: Postgres is not reachable
[17:06:29] Frontend OK (HTTP 000000)
[17:06:29] API OK (HTTP 200)
[17:06:33] ERROR: Postgres is not reachable
[17:06:33] Frontend OK (HTTP 000000)
[17:06:33] API OK (HTTP 200)
[17:06:39] ERROR: Postgres is not reachable
[17:06:39] Frontend OK (HTTP 000000)
[17:06:39] API OK (HTTP 200)
[17:06:43] ERROR: Postgres is not reachable
[17:06:43] Frontend OK (HTTP 000000)
[17:06:43] API OK (HTTP 200)
[17:06:50] ERROR: Postgres is not reachable
[17:06:50] Frontend OK (HTTP 000000)
[17:06:50] API OK (HTTP 200)
[17:06:53] ERROR: Postgres is not reachable
[17:06:53] Frontend OK (HTTP 000000)
[17:06:53] API OK (HTTP 200)
[17:07:00] ERROR: Postgres is not reachable
[17:07:00] Frontend OK (HTTP 000000)
[17:07:00] API OK (HTTP 200)
[17:07:03] ERROR: Postgres is not reachable
[17:07:03] Frontend OK (HTTP 000000)
[17:07:03] API OK (HTTP 200)
[17:07:04] ESCALATING: 6 consecutive failures — check .watchdog-status.json
[17:07:10] ERROR: Postgres is not reachable
[17:07:10] Frontend OK (HTTP 000000)
[17:07:10] API OK (HTTP 200)
[17:07:10] ESCALATING: 6 consecutive failures — check .watchdog-status.json
[17:07:13] Shutting down watchdog...
[17:07:20] ERROR: Postgres is not reachable
[17:07:20] Frontend OK (HTTP 000000)
[17:07:20] API OK (HTTP 000000)
[17:07:30] ERROR: Postgres is not reachable
[17:07:30] Frontend OK (HTTP 000000)
[17:07:30] API OK (HTTP 000000)
[17:07:40] ERROR: Postgres is not reachable
[17:07:40] Frontend OK (HTTP 000000)
[17:07:41] API OK (HTTP 000000)
[17:07:51] ERROR: Postgres is not reachable
[17:07:51] Frontend OK (HTTP 000000)
[17:07:51] API OK (HTTP 000000)
[17:08:01] ERROR: Postgres is not reachable
[17:08:01] Frontend OK (HTTP 000000)
[17:08:01] API OK (HTTP 000000)
[17:08:11] ERROR: Postgres is not reachable
[17:08:11] Frontend OK (HTTP 000000)
[17:08:11] API OK (HTTP 000000)
[17:08:11] ESCALATING: 6 consecutive failures — check .watchdog-status.json
[17:08:21] ERROR: Postgres is not reachable
[17:08:21] Frontend OK (HTTP 000000)
[17:08:21] API OK (HTTP 000000)
[17:08:31] ERROR: Postgres is not reachable
[17:08:31] Frontend OK (HTTP 000000)
[17:08:31] API OK (HTTP 000000)
[17:08:41] ERROR: Postgres is not reachable
[17:08:41] Frontend OK (HTTP 000000)
[17:08:41] API OK (HTTP 000000)
[17:08:52] ERROR: Postgres is not reachable
[17:08:52] Frontend OK (HTTP 000000)
[17:08:52] API OK (HTTP 000000)
[17:09:02] ERROR: Postgres is not reachable
[17:09:02] Frontend OK (HTTP 000000)
[17:09:02] API OK (HTTP 000000)
[17:09:12] ERROR: Postgres is not reachable
[17:09:12] Frontend OK (HTTP 000000)
[17:09:12] API OK (HTTP 000000)
[17:09:12] ESCALATING: 6 consecutive failures — check .watchdog-status.json
[17:09:22] ERROR: Postgres is not reachable
[17:09:22] Frontend OK (HTTP 000000)
[17:09:22] API OK (HTTP 000000)
[17:34:29] Cleaning up stale processes...
[17:34:30] Starting frontend on :5173...
[17:34:33] Starting API on :8080...
[17:34:33] Watchdog v2 active — checking every 10s (Ctrl+C to stop)
[17:34:43] ERROR: Postgres is not reachable
[17:34:44] Frontend OK (HTTP 000000)
[17:34:44] API OK (HTTP 200)
[17:34:54] ERROR: Postgres is not reachable
[17:34:54] Frontend OK (HTTP 000000)
[17:34:54] API OK (HTTP 200)
[17:35:04] ERROR: Postgres is not reachable
[17:35:04] Frontend OK (HTTP 000000)
[17:35:04] API OK (HTTP 200)
[17:35:14] ERROR: Postgres is not reachable
[17:35:14] Frontend OK (HTTP 000000)
[17:35:14] API OK (HTTP 200)
[17:35:24] ERROR: Postgres is not reachable
[17:35:25] Frontend OK (HTTP 000000)
[17:35:25] API OK (HTTP 200)
[17:35:35] ERROR: Postgres is not reachable
[17:35:35] Frontend OK (HTTP 000000)
[17:35:35] API OK (HTTP 200)
[17:35:35] ESCALATING: 6 consecutive failures — check .watchdog-status.json
[17:35:45] ERROR: Postgres is not reachable
[17:35:45] Frontend OK (HTTP 000000)
[17:35:45] API OK (HTTP 200)
[17:35:55] ERROR: Postgres is not reachable
[17:35:55] Frontend OK (HTTP 000000)
[17:35:55] API OK (HTTP 200)
[17:36:05] ERROR: Postgres is not reachable
[17:36:05] Frontend OK (HTTP 000000)
[17:36:05] API OK (HTTP 200)
[17:36:15] ERROR: Postgres is not reachable
[17:36:15] Frontend OK (HTTP 000000)
[17:36:15] API OK (HTTP 200)
[17:36:26] ERROR: Postgres is not reachable
[17:36:26] Frontend OK (HTTP 000000)
[17:36:26] API OK (HTTP 200)
[17:36:36] ERROR: Postgres is not reachable
[17:36:36] Frontend OK (HTTP 000000)
[17:36:36] API OK (HTTP 200)
[17:36:36] ESCALATING: 6 consecutive failures — check .watchdog-status.json
[17:36:46] ERROR: Postgres is not reachable
[17:36:46] Frontend OK (HTTP 000000)
[17:36:46] API OK (HTTP 200)
[17:36:56] ERROR: Postgres is not reachable
[17:36:56] Frontend OK (HTTP 000000)
[17:36:56] API OK (HTTP 200)
[17:37:06] ERROR: Postgres is not reachable
[17:37:06] Frontend OK (HTTP 000000)
[17:37:07] API OK (HTTP 200)
[17:37:17] ERROR: Postgres is not reachable
[17:37:17] Frontend OK (HTTP 000000)
[17:37:17] API OK (HTTP 200)
[17:37:27] ERROR: Postgres is not reachable
[17:37:27] Frontend OK (HTTP 000000)
[17:37:27] API OK (HTTP 200)
[17:37:37] ERROR: Postgres is not reachable
[17:37:37] Frontend OK (HTTP 000000)
[17:37:37] API OK (HTTP 200)
[17:37:37] ESCALATING: 6 consecutive failures — check .watchdog-status.json
[17:37:47] ERROR: Postgres is not reachable
[17:37:47] Frontend OK (HTTP 000000)
[17:37:48] API OK (HTTP 200)
[17:37:58] ERROR: Postgres is not reachable
[17:37:58] Frontend OK (HTTP 000000)
[17:37:58] API OK (HTTP 200)
[17:38:08] ERROR: Postgres is not reachable
[17:38:08] Frontend OK (HTTP 000000)
[17:38:08] API OK (HTTP 200)
[17:38:18] ERROR: Postgres is not reachable
[17:38:18] Frontend OK (HTTP 000000)
[17:38:18] API OK (HTTP 200)
[17:38:28] ERROR: Postgres is not reachable
[17:38:28] Frontend OK (HTTP 000000)
[17:38:29] API OK (HTTP 200)
[17:38:39] ERROR: Postgres is not reachable
[17:38:39] Frontend OK (HTTP 000000)
[17:38:39] API OK (HTTP 200)
[17:38:39] ESCALATING: 6 consecutive failures — check .watchdog-status.json
[17:38:49] ERROR: Postgres is not reachable
[17:38:49] Frontend OK (HTTP 000000)
[17:38:49] API OK (HTTP 200)
[17:38:59] ERROR: Postgres is not reachable
[17:38:59] Frontend OK (HTTP 000000)
[17:38:59] API OK (HTTP 200)
[17:39:09] ERROR: Postgres is not reachable
[17:39:09] Frontend OK (HTTP 000000)
[17:39:09] API OK (HTTP 200)
[17:39:19] ERROR: Postgres is not reachable
[17:39:19] Frontend OK (HTTP 000000)
[17:39:20] API OK (HTTP 200)
[17:39:30] ERROR: Postgres is not reachable
[17:39:30] Frontend OK (HTTP 000000)
[17:39:30] API OK (HTTP 200)
[17:39:40] ERROR: Postgres is not reachable
[17:39:40] Frontend OK (HTTP 000000)
[17:39:40] API OK (HTTP 200)
[17:39:40] ESCALATING: 6 consecutive failures — check .watchdog-status.json
[17:39:50] ERROR: Postgres is not reachable
[17:39:50] Frontend OK (HTTP 000000)
[17:39:50] API OK (HTTP 200)
[17:40:00] ERROR: Postgres is not reachable
[17:40:00] Frontend OK (HTTP 000000)
[17:40:00] API OK (HTTP 200)
[17:40:10] ERROR: Postgres is not reachable
[17:40:10] Frontend OK (HTTP 000000)
[17:40:10] API OK (HTTP 200)
[17:40:20] ERROR: Postgres is not reachable
[17:40:21] Frontend OK (HTTP 000000)
[17:40:21] API OK (HTTP 200)
[17:40:31] ERROR: Postgres is not reachable
[17:40:31] Frontend OK (HTTP 000000)
[17:40:31] API OK (HTTP 200)
[17:40:41] ERROR: Postgres is not reachable
[17:40:41] Frontend OK (HTTP 000000)
[17:40:41] API OK (HTTP 200)
[17:40:41] ESCALATING: 6 consecutive failures — check .watchdog-status.json
[17:40:51] ERROR: Postgres is not reachable
[17:40:51] Frontend OK (HTTP 000000)
[17:40:51] API OK (HTTP 200)
[17:41:01] ERROR: Postgres is not reachable
[17:41:01] Frontend OK (HTTP 000000)
[17:41:01] API OK (HTTP 200)
[17:41:11] ERROR: Postgres is not reachable
[17:41:11] Frontend OK (HTTP 000000)
[17:41:11] API OK (HTTP 200)
[17:41:22] ERROR: Postgres is not reachable
[17:41:22] Frontend OK (HTTP 000000)
[17:41:22] API OK (HTTP 200)
[17:41:32] ERROR: Postgres is not reachable
[17:41:32] Frontend OK (HTTP 000000)
[17:41:32] API OK (HTTP 200)
[17:41:42] ERROR: Postgres is not reachable
[17:41:42] Frontend OK (HTTP 000000)
[17:41:42] API OK (HTTP 200)
[17:41:42] ESCALATING: 6 consecutive failures — check .watchdog-status.json
[17:41:52] ERROR: Postgres is not reachable
[17:41:52] Frontend OK (HTTP 000000)
[17:41:52] API OK (HTTP 200)
[17:42:02] ERROR: Postgres is not reachable
[17:42:02] Frontend OK (HTTP 000000)
[17:42:02] API OK (HTTP 200)
[17:42:12] ERROR: Postgres is not reachable
[17:42:12] Frontend OK (HTTP 000000)
[17:42:12] API OK (HTTP 200)
[17:42:23] ERROR: Postgres is not reachable
[17:42:23] Frontend OK (HTTP 000000)
[17:42:23] API OK (HTTP 200)
[17:42:33] ERROR: Postgres is not reachable
[17:42:33] Frontend OK (HTTP 000000)
[17:42:33] API OK (HTTP 200)
[17:42:43] ERROR: Postgres is not reachable
[17:42:43] Frontend OK (HTTP 000000)
[17:42:43] API OK (HTTP 200)
[17:42:43] ESCALATING: 6 consecutive failures — check .watchdog-status.json
[17:42:53] ERROR: Postgres is not reachable
[17:42:53] Frontend OK (HTTP 000000)
[17:42:53] API OK (HTTP 200)
[17:43:03] ERROR: Postgres is not reachable
[17:43:03] Frontend OK (HTTP 000000)
[17:43:03] API OK (HTTP 200)
[17:43:14] ERROR: Postgres is not reachable
[17:43:14] Frontend OK (HTTP 000000)
[17:43:14] API OK (HTTP 200)
[17:43:24] ERROR: Postgres is not reachable
[17:43:24] Frontend OK (HTTP 000000)
[17:43:24] API OK (HTTP 200)
[17:43:34] ERROR: Postgres is not reachable
[17:43:34] Frontend OK (HTTP 000000)
[17:43:34] API OK (HTTP 200)
[17:43:44] ERROR: Postgres is not reachable
[17:43:44] Frontend OK (HTTP 000000)
[17:43:44] API OK (HTTP 200)
[17:43:44] ESCALATING: 6 consecutive failures — check .watchdog-status.json
[17:43:54] ERROR: Postgres is not reachable
[17:43:54] Frontend OK (HTTP 000000)
[17:43:54] API OK (HTTP 200)
[17:44:04] ERROR: Postgres is not reachable
[17:44:04] Frontend OK (HTTP 000000)
[17:44:04] API OK (HTTP 200)
[17:44:15] ERROR: Postgres is not reachable
[17:44:15] Frontend OK (HTTP 000000)
[17:44:15] API OK (HTTP 200)
[17:44:25] ERROR: Postgres is not reachable
[17:44:25] Frontend OK (HTTP 000000)
[17:44:25] API OK (HTTP 200)
[17:44:35] ERROR: Postgres is not reachable
[17:44:35] Frontend OK (HTTP 000000)
[17:44:35] API OK (HTTP 200)
[17:44:45] ERROR: Postgres is not reachable
[17:44:45] Frontend OK (HTTP 000000)
[17:44:45] API OK (HTTP 200)
[17:44:45] ESCALATING: 6 consecutive failures — check .watchdog-status.json
[17:44:55] ERROR: Postgres is not reachable
[17:44:55] Frontend OK (HTTP 000000)
[17:44:55] API OK (HTTP 200)
[17:45:05] ERROR: Postgres is not reachable
[17:45:06] Frontend OK (HTTP 000000)
[17:45:06] API OK (HTTP 200)
[17:45:16] ERROR: Postgres is not reachable
[17:45:16] Frontend OK (HTTP 000000)
[17:45:16] API OK (HTTP 200)
[17:45:26] ERROR: Postgres is not reachable
[17:45:26] Frontend OK (HTTP 000000)
[17:45:26] API OK (HTTP 200)
[17:45:36] ERROR: Postgres is not reachable
[17:45:36] Frontend OK (HTTP 000000)
[17:45:36] API OK (HTTP 200)
[17:45:46] ERROR: Postgres is not reachable
[17:45:46] Frontend OK (HTTP 000000)
[17:45:46] API OK (HTTP 200)
[17:45:46] ESCALATING: 6 consecutive failures — check .watchdog-status.json
[17:45:56] ERROR: Postgres is not reachable
[17:45:56] Frontend OK (HTTP 000000)
[17:45:56] API OK (HTTP 200)
[17:46:06] ERROR: Postgres is not reachable
[17:46:06] Frontend OK (HTTP 000000)
[17:46:07] API OK (HTTP 200)
[17:46:17] ERROR: Postgres is not reachable
[17:46:17] Frontend OK (HTTP 000000)
[17:46:17] API OK (HTTP 200)
[17:46:27] ERROR: Postgres is not reachable
[17:46:27] Frontend OK (HTTP 000000)
[17:46:27] API OK (HTTP 200)
[17:46:37] ERROR: Postgres is not reachable
[17:46:37] Frontend OK (HTTP 000000)
[17:46:37] API OK (HTTP 200)
[17:46:47] ERROR: Postgres is not reachable
[17:46:47] Frontend OK (HTTP 000000)
[17:46:47] API OK (HTTP 200)
[17:46:47] ESCALATING: 6 consecutive failures — check .watchdog-status.json
[17:46:57] ERROR: Postgres is not reachable
[17:46:57] Frontend OK (HTTP 000000)
[17:46:57] API OK (HTTP 200)
[17:47:07] ERROR: Postgres is not reachable
[17:47:07] Frontend OK (HTTP 000000)
[17:47:07] API OK (HTTP 200)
[17:47:17] ERROR: Postgres is not reachable
[17:47:18] Frontend OK (HTTP 000000)
[17:47:18] API OK (HTTP 200)
[17:47:28] ERROR: Postgres is not reachable
[17:47:28] Frontend OK (HTTP 000000)
[17:47:28] API OK (HTTP 200)
[17:47:38] ERROR: Postgres is not reachable
[17:47:38] Frontend OK (HTTP 000000)
[17:47:38] API OK (HTTP 200)
[17:47:48] ERROR: Postgres is not reachable
[17:47:48] Frontend OK (HTTP 000000)
[17:47:48] API OK (HTTP 200)
[17:47:48] ESCALATING: 6 consecutive failures — check .watchdog-status.json
[17:47:58] ERROR: Postgres is not reachable
[17:47:58] Frontend OK (HTTP 000000)
[17:47:58] API OK (HTTP 200)
[17:48:08] ERROR: Postgres is not reachable
[17:48:08] Frontend OK (HTTP 000000)
[17:48:08] API OK (HTTP 200)
[17:48:18] ERROR: Postgres is not reachable
[17:48:18] Frontend OK (HTTP 000000)
[17:48:18] API OK (HTTP 200)
[17:48:29] ERROR: Postgres is not reachable
[17:48:29] Frontend OK (HTTP 000000)
[17:48:29] API OK (HTTP 200)
[17:48:39] ERROR: Postgres is not reachable
[17:48:39] Frontend OK (HTTP 000000)
[17:48:39] API OK (HTTP 200)
[17:48:49] ERROR: Postgres is not reachable
[17:48:49] Frontend OK (HTTP 000000)
[17:48:49] API OK (HTTP 200)
[17:48:49] ESCALATING: 6 consecutive failures — check .watchdog-status.json
[17:48:59] ERROR: Postgres is not reachable
[17:48:59] Frontend OK (HTTP 000000)
[17:48:59] API OK (HTTP 200)
[17:49:09] ERROR: Postgres is not reachable
[17:49:09] Frontend OK (HTTP 000000)
[17:49:09] API OK (HTTP 200)
[17:49:19] ERROR: Postgres is not reachable
[17:49:19] Frontend OK (HTTP 000000)
[17:49:19] API OK (HTTP 200)
[17:49:29] ERROR: Postgres is not reachable
[17:49:30] Frontend OK (HTTP 000000)
[17:49:30] API OK (HTTP 200)
[17:49:40] ERROR: Postgres is not reachable
[17:49:40] Frontend OK (HTTP 000000)
[17:49:40] API OK (HTTP 200)
[17:49:50] ERROR: Postgres is not reachable
[17:49:50] Frontend OK (HTTP 000000)
[17:49:50] API OK (HTTP 200)
[17:49:50] ESCALATING: 6 consecutive failures — check .watchdog-status.json
[17:50:00] ERROR: Postgres is not reachable
[17:50:00] Frontend OK (HTTP 000000)
[17:50:00] API OK (HTTP 200)
[17:50:10] ERROR: Postgres is not reachable
[17:50:10] Frontend OK (HTTP 000000)
[17:50:10] API OK (HTTP 200)
[17:50:20] ERROR: Postgres is not reachable
[17:50:20] Frontend OK (HTTP 000000)
[17:50:20] API OK (HTTP 200)
[17:50:30] ERROR: Postgres is not reachable
[17:50:31] Frontend OK (HTTP 000000)
[17:50:31] API OK (HTTP 200)
[17:50:41] ERROR: Postgres is not reachable
[17:50:41] Frontend OK (HTTP 000000)
[17:50:41] API OK (HTTP 200)
[17:50:51] ERROR: Postgres is not reachable
[17:50:51] Frontend OK (HTTP 000000)
[17:50:51] API OK (HTTP 200)
[17:50:51] ESCALATING: 6 consecutive failures — check .watchdog-status.json
[17:51:01] ERROR: Postgres is not reachable
[17:51:01] Frontend OK (HTTP 000000)
[17:51:01] API OK (HTTP 200)
[17:51:11] ERROR: Postgres is not reachable
[17:51:11] Frontend OK (HTTP 000000)
[17:51:11] API OK (HTTP 200)
[17:51:21] ERROR: Postgres is not reachable
[17:51:21] Frontend OK (HTTP 000000)
[17:51:21] API OK (HTTP 200)
[17:51:31] ERROR: Postgres is not reachable
[17:51:31] Frontend OK (HTTP 000000)
[17:51:31] API OK (HTTP 200)
[17:51:42] ERROR: Postgres is not reachable
[17:51:42] Frontend OK (HTTP 000000)
[17:51:42] API OK (HTTP 200)
[17:51:52] ERROR: Postgres is not reachable
[17:51:52] Frontend OK (HTTP 000000)
[17:51:52] API OK (HTTP 200)
[17:51:52] ESCALATING: 6 consecutive failures — check .watchdog-status.json
[17:52:02] ERROR: Postgres is not reachable
[17:52:02] Frontend OK (HTTP 000000)
[17:52:02] API OK (HTTP 200)
[17:52:12] ERROR: Postgres is not reachable
[17:52:12] Frontend OK (HTTP 000000)
[17:52:12] API OK (HTTP 200)
[17:52:22] ERROR: Postgres is not reachable
[17:52:22] Frontend OK (HTTP 000000)
[17:52:22] API OK (HTTP 200)
[17:52:32] ERROR: Postgres is not reachable
[17:52:32] Frontend OK (HTTP 000000)
[17:52:32] API OK (HTTP 200)
[17:52:42] ERROR: Postgres is not reachable
[17:52:42] Frontend OK (HTTP 000000)
[17:52:43] API OK (HTTP 200)
[17:52:53] ERROR: Postgres is not reachable
[17:52:53] Frontend OK (HTTP 000000)
[17:52:53] API OK (HTTP 200)
[17:52:53] ESCALATING: 6 consecutive failures — check .watchdog-status.json
[17:53:03] ERROR: Postgres is not reachable
[17:53:03] Frontend OK (HTTP 000000)
[17:53:03] API OK (HTTP 200)
[17:53:13] ERROR: Postgres is not reachable
[17:53:13] Frontend OK (HTTP 000000)
[17:53:13] API OK (HTTP 200)
[17:53:23] ERROR: Postgres is not reachable
[17:53:23] Frontend OK (HTTP 000000)
[17:53:23] API OK (HTTP 200)
[17:53:33] ERROR: Postgres is not reachable
[17:53:33] Frontend OK (HTTP 000000)
[17:53:33] API OK (HTTP 200)
[17:53:43] ERROR: Postgres is not reachable
[17:53:43] Frontend OK (HTTP 000000)
[17:53:43] API OK (HTTP 200)
[17:53:54] ERROR: Postgres is not reachable
[17:53:54] Frontend OK (HTTP 000000)
[17:53:54] API OK (HTTP 200)
[17:53:54] ESCALATING: 6 consecutive failures — check .watchdog-status.json
[17:54:04] ERROR: Postgres is not reachable
[17:54:04] Frontend OK (HTTP 000000)
[17:54:04] API OK (HTTP 200)
[17:54:14] ERROR: Postgres is not reachable
[17:54:14] Frontend OK (HTTP 000000)
[17:54:14] API OK (HTTP 200)
[17:54:24] ERROR: Postgres is not reachable
[17:54:24] Frontend OK (HTTP 000000)
[17:54:24] API OK (HTTP 200)
[17:54:34] ERROR: Postgres is not reachable
[17:54:34] Frontend OK (HTTP 000000)
[17:54:34] API OK (HTTP 200)
[17:54:44] ERROR: Postgres is not reachable
[17:54:44] Frontend OK (HTTP 000000)
[17:54:44] API OK (HTTP 200)
[17:54:54] ERROR: Postgres is not reachable
[17:54:54] Frontend OK (HTTP 000000)
[17:54:55] API OK (HTTP 200)
[17:54:55] ESCALATING: 6 consecutive failures — check .watchdog-status.json
[17:55:05] ERROR: Postgres is not reachable
[17:55:05] Frontend OK (HTTP 000000)
[17:55:05] API OK (HTTP 200)
[17:55:15] ERROR: Postgres is not reachable
[17:55:15] Frontend OK (HTTP 000000)
[17:55:15] API OK (HTTP 200)
[17:55:25] ERROR: Postgres is not reachable
[17:55:25] Frontend OK (HTTP 000000)
[17:55:25] API OK (HTTP 200)
[17:55:35] ERROR: Postgres is not reachable
[17:55:35] Frontend OK (HTTP 000000)
[17:55:35] API OK (HTTP 200)
[17:55:45] ERROR: Postgres is not reachable
[17:55:45] Frontend OK (HTTP 000000)
[17:55:45] API OK (HTTP 200)
[17:55:55] ERROR: Postgres is not reachable
[17:55:56] Frontend OK (HTTP 000000)
[17:55:56] API OK (HTTP 200)
[17:55:56] ESCALATING: 6 consecutive failures — check .watchdog-status.json
[17:56:06] ERROR: Postgres is not reachable
[17:56:06] Frontend OK (HTTP 000000)
[17:56:06] API OK (HTTP 200)
[17:56:16] ERROR: Postgres is not reachable
[17:56:16] Frontend OK (HTTP 000000)
[17:56:16] API OK (HTTP 200)
[17:56:26] ERROR: Postgres is not reachable
[17:56:26] Frontend OK (HTTP 000000)
[17:56:26] API OK (HTTP 200)
[17:56:36] ERROR: Postgres is not reachable
[17:56:36] Frontend OK (HTTP 000000)
[17:56:37] API OK (HTTP 200)
[17:56:47] ERROR: Postgres is not reachable
[17:56:47] Frontend OK (HTTP 000000)
[17:56:47] API OK (HTTP 200)
[17:56:57] ERROR: Postgres is not reachable
[17:56:57] Frontend OK (HTTP 000000)
[17:56:57] API OK (HTTP 200)
[17:56:57] ESCALATING: 6 consecutive failures — check .watchdog-status.json
[17:57:07] ERROR: Postgres is not reachable
[17:57:07] Frontend OK (HTTP 000000)
[17:57:07] API OK (HTTP 200)
[17:57:17] ERROR: Postgres is not reachable
[17:57:17] Frontend OK (HTTP 000000)
[17:57:18] API OK (HTTP 200)
[17:57:28] ERROR: Postgres is not reachable
[17:57:28] Frontend OK (HTTP 000000)
[17:57:28] API OK (HTTP 200)
[17:57:38] ERROR: Postgres is not reachable
[17:57:38] Frontend OK (HTTP 000000)
[17:57:38] API OK (HTTP 200)
[17:57:48] ERROR: Postgres is not reachable
[17:57:48] Frontend OK (HTTP 000000)
[17:57:48] API OK (HTTP 200)
[17:57:58] ERROR: Postgres is not reachable
[17:57:58] Frontend OK (HTTP 000000)
[17:57:58] API OK (HTTP 200)
[17:57:58] ESCALATING: 6 consecutive failures — check .watchdog-status.json
[17:58:08] ERROR: Postgres is not reachable
[17:58:08] Frontend OK (HTTP 000000)
[17:58:08] API OK (HTTP 200)
[17:58:18] ERROR: Postgres is not reachable
[17:58:18] Frontend OK (HTTP 000000)
[17:58:18] API OK (HTTP 200)
[17:58:29] ERROR: Postgres is not reachable
[17:58:29] Frontend OK (HTTP 000000)
[17:58:29] API OK (HTTP 200)
[17:58:39] ERROR: Postgres is not reachable
[17:58:39] Frontend OK (HTTP 000000)
[17:58:39] API OK (HTTP 200)
[17:58:49] ERROR: Postgres is not reachable
[17:58:49] Frontend OK (HTTP 000000)
[17:58:49] API OK (HTTP 200)
[17:58:59] ERROR: Postgres is not reachable
[17:58:59] Frontend OK (HTTP 000000)
[17:58:59] API OK (HTTP 200)
[17:58:59] ESCALATING: 6 consecutive failures — check .watchdog-status.json
[17:59:09] ERROR: Postgres is not reachable
[17:59:09] Frontend OK (HTTP 000000)
[17:59:09] API OK (HTTP 200)
[17:59:19] ERROR: Postgres is not reachable
[17:59:19] Frontend OK (HTTP 000000)
[17:59:19] API OK (HTTP 200)
[17:59:29] ERROR: Postgres is not reachable
[17:59:29] Frontend OK (HTTP 000000)
[17:59:30] API OK (HTTP 200)
[17:59:40] ERROR: Postgres is not reachable
[17:59:40] Frontend OK (HTTP 000000)
[17:59:40] API OK (HTTP 200)
[17:59:50] ERROR: Postgres is not reachable
[17:59:50] Frontend OK (HTTP 000000)
[17:59:50] API OK (HTTP 200)
[18:00:00] ERROR: Postgres is not reachable
[18:00:00] Frontend OK (HTTP 000000)
[18:00:00] API OK (HTTP 200)
[18:00:00] ESCALATING: 6 consecutive failures — check .watchdog-status.json
[18:00:10] ERROR: Postgres is not reachable
[18:00:10] Frontend OK (HTTP 000000)
[18:00:10] API OK (HTTP 200)
[18:00:20] ERROR: Postgres is not reachable
[18:00:20] Frontend OK (HTTP 000000)
[18:00:20] API OK (HTTP 200)
[18:00:30] ERROR: Postgres is not reachable
[18:00:30] Frontend OK (HTTP 000000)
[18:00:30] API OK (HTTP 200)
[18:00:41] ERROR: Postgres is not reachable
[18:00:41] Frontend OK (HTTP 000000)
[18:00:41] API OK (HTTP 200)
[18:00:51] ERROR: Postgres is not reachable
[18:00:51] Frontend OK (HTTP 000000)
[18:00:51] API OK (HTTP 200)
[18:01:01] ERROR: Postgres is not reachable
[18:01:01] Frontend OK (HTTP 000000)
[18:01:01] API OK (HTTP 200)
[18:01:01] ESCALATING: 6 consecutive failures — check .watchdog-status.json
[18:01:11] ERROR: Postgres is not reachable
[18:01:11] Frontend OK (HTTP 000000)
[18:01:11] API OK (HTTP 200)
[18:01:21] ERROR: Postgres is not reachable
[18:01:21] Frontend OK (HTTP 000000)
[18:01:21] API OK (HTTP 200)
[18:01:31] ERROR: Postgres is not reachable
[18:01:31] Frontend OK (HTTP 000000)
[18:01:32] API OK (HTTP 200)
[18:01:42] ERROR: Postgres is not reachable
[18:01:42] Frontend OK (HTTP 000000)
[18:01:42] API OK (HTTP 200)
[18:01:52] ERROR: Postgres is not reachable
[18:01:52] Frontend OK (HTTP 000000)
[18:01:52] API OK (HTTP 200)
[18:02:02] ERROR: Postgres is not reachable
[18:02:02] Frontend OK (HTTP 000000)
[18:02:02] API OK (HTTP 200)
[18:02:02] ESCALATING: 6 consecutive failures — check .watchdog-status.json
[18:02:12] ERROR: Postgres is not reachable
[18:02:12] Frontend OK (HTTP 000000)
[18:02:12] API OK (HTTP 200)
[18:02:22] ERROR: Postgres is not reachable
[18:02:22] Frontend OK (HTTP 000000)
[18:02:22] API OK (HTTP 200)
[18:02:32] ERROR: Postgres is not reachable
[18:02:32] Frontend OK (HTTP 000000)
[18:02:33] API OK (HTTP 200)
[18:02:43] ERROR: Postgres is not reachable
[18:02:43] Frontend OK (HTTP 000000)
[18:02:43] API OK (HTTP 200)
[18:02:53] ERROR: Postgres is not reachable
[18:02:53] Frontend OK (HTTP 000000)
[18:02:53] API OK (HTTP 200)
[18:03:03] ERROR: Postgres is not reachable
[18:03:03] Frontend OK (HTTP 000000)
[18:03:03] API OK (HTTP 200)
[18:03:03] ESCALATING: 6 consecutive failures — check .watchdog-status.json
[18:03:13] ERROR: Postgres is not reachable
[18:03:13] Frontend OK (HTTP 000000)
[18:03:13] API OK (HTTP 200)
[18:03:23] ERROR: Postgres is not reachable
[18:03:23] Frontend OK (HTTP 000000)
[18:03:23] API OK (HTTP 200)
[18:03:34] ERROR: Postgres is not reachable
[18:03:34] Frontend OK (HTTP 000000)
[18:03:34] API OK (HTTP 200)
[18:03:44] ERROR: Postgres is not reachable
[18:03:44] Frontend OK (HTTP 000000)
[18:03:44] API OK (HTTP 200)
[18:03:54] ERROR: Postgres is not reachable
[18:03:54] Frontend OK (HTTP 000000)
[18:03:54] API OK (HTTP 200)
[18:04:04] ERROR: Postgres is not reachable
[18:04:04] Frontend OK (HTTP 000000)
[18:04:04] API OK (HTTP 200)
[18:04:04] ESCALATING: 6 consecutive failures — check .watchdog-status.json
[18:04:14] ERROR: Postgres is not reachable
[18:04:14] Frontend OK (HTTP 000000)
[18:04:14] API OK (HTTP 200)
[18:04:24] ERROR: Postgres is not reachable
[18:04:24] Frontend OK (HTTP 000000)
[18:04:25] API OK (HTTP 200)
[18:04:35] ERROR: Postgres is not reachable
[18:04:35] Frontend OK (HTTP 000000)
[18:04:35] API OK (HTTP 200)
[18:04:45] ERROR: Postgres is not reachable
[18:04:45] Frontend OK (HTTP 000000)
[18:04:45] API OK (HTTP 200)
[18:04:55] ERROR: Postgres is not reachable
[18:04:55] Frontend OK (HTTP 000000)
[18:04:55] API OK (HTTP 200)
[18:05:05] ERROR: Postgres is not reachable
[18:05:05] Frontend OK (HTTP 000000)
[18:05:05] API OK (HTTP 200)
[18:05:05] ESCALATING: 6 consecutive failures — check .watchdog-status.json
[18:05:15] ERROR: Postgres is not reachable
[18:05:15] Frontend OK (HTTP 000000)
[18:05:15] API OK (HTTP 200)
[18:05:25] ERROR: Postgres is not reachable
[18:05:26] Frontend OK (HTTP 000000)
[18:05:26] API OK (HTTP 200)
[18:05:36] ERROR: Postgres is not reachable
[18:05:36] Frontend OK (HTTP 000000)
[18:05:36] API OK (HTTP 200)
[18:05:46] ERROR: Postgres is not reachable
[18:05:46] Frontend OK (HTTP 000000)
[18:05:46] API OK (HTTP 200)
[18:05:56] ERROR: Postgres is not reachable
[18:05:56] Frontend OK (HTTP 000000)
[18:05:56] API OK (HTTP 200)
[18:06:06] ERROR: Postgres is not reachable
[18:06:06] Frontend OK (HTTP 000000)
[18:06:06] API OK (HTTP 200)
[18:06:06] ESCALATING: 6 consecutive failures — check .watchdog-status.json
[18:06:16] ERROR: Postgres is not reachable
[18:06:16] Frontend OK (HTTP 000000)
[18:06:16] API OK (HTTP 200)
[18:06:26] ERROR: Postgres is not reachable
[18:06:26] Frontend OK (HTTP 000000)
[18:06:26] API OK (HTTP 200)
[18:06:37] ERROR: Postgres is not reachable
[18:06:37] Frontend OK (HTTP 000000)
[18:06:37] API OK (HTTP 200)
[18:06:47] ERROR: Postgres is not reachable
[18:06:47] Frontend OK (HTTP 000000)
[18:06:47] API OK (HTTP 200)
[18:06:57] ERROR: Postgres is not reachable
[18:06:57] Frontend OK (HTTP 000000)
[18:06:57] API OK (HTTP 200)
[18:07:07] ERROR: Postgres is not reachable
[18:07:07] Frontend OK (HTTP 000000)
[18:07:07] API OK (HTTP 200)
[18:07:07] ESCALATING: 6 consecutive failures — check .watchdog-status.json
[18:07:17] ERROR: Postgres is not reachable
[18:07:17] Frontend OK (HTTP 000000)
[18:07:17] API OK (HTTP 200)
[18:07:27] ERROR: Postgres is not reachable
[18:07:27] Frontend OK (HTTP 000000)
[18:07:27] API OK (HTTP 200)
[18:07:37] ERROR: Postgres is not reachable
[18:07:37] Frontend OK (HTTP 000000)
[18:07:38] API OK (HTTP 200)
[18:07:48] ERROR: Postgres is not reachable
[18:07:48] Frontend OK (HTTP 000000)
[18:07:48] API OK (HTTP 200)
[18:07:58] ERROR: Postgres is not reachable
[18:07:58] Frontend OK (HTTP 000000)
[18:07:58] API OK (HTTP 200)
[18:08:08] ERROR: Postgres is not reachable
[18:08:08] Frontend OK (HTTP 000000)
[18:08:08] API OK (HTTP 200)
[18:08:08] ESCALATING: 6 consecutive failures — check .watchdog-status.json
[18:08:18] ERROR: Postgres is not reachable
[18:08:18] Frontend OK (HTTP 000000)
[18:08:18] API OK (HTTP 200)
[18:08:28] ERROR: Postgres is not reachable
[18:08:28] Frontend OK (HTTP 000000)
[18:08:28] API OK (HTTP 200)
[18:08:38] ERROR: Postgres is not reachable
[18:08:38] Frontend OK (HTTP 000000)
[18:08:38] API OK (HTTP 200)
[18:08:48] ERROR: Postgres is not reachable
[18:08:49] Frontend OK (HTTP 000000)
[18:08:49] API OK (HTTP 200)
[18:08:59] ERROR: Postgres is not reachable
[18:08:59] Frontend OK (HTTP 000000)
[18:08:59] API OK (HTTP 200)
[18:09:09] ERROR: Postgres is not reachable
[18:09:09] Frontend OK (HTTP 000000)
[18:09:09] API OK (HTTP 200)
[18:09:09] ESCALATING: 6 consecutive failures — check .watchdog-status.json
[18:09:19] ERROR: Postgres is not reachable
[18:09:19] Frontend OK (HTTP 000000)
[18:09:19] API OK (HTTP 200)
[18:09:29] ERROR: Postgres is not reachable
[18:09:29] Frontend OK (HTTP 000000)
[18:09:29] API OK (HTTP 200)
[18:09:39] ERROR: Postgres is not reachable
[18:09:39] Frontend OK (HTTP 000000)
[18:09:39] API OK (HTTP 200)
[18:09:49] ERROR: Postgres is not reachable
[18:09:49] Frontend OK (HTTP 000000)
[18:09:49] API OK (HTTP 200)
[18:10:00] ERROR: Postgres is not reachable
[18:10:00] Frontend OK (HTTP 000000)
[18:10:00] API OK (HTTP 200)
[18:10:10] ERROR: Postgres is not reachable
[18:10:10] Frontend OK (HTTP 000000)
[18:10:10] API OK (HTTP 200)
[18:10:10] ESCALATING: 6 consecutive failures — check .watchdog-status.json
[18:10:20] ERROR: Postgres is not reachable
[18:10:20] Frontend OK (HTTP 000000)
[18:10:20] API OK (HTTP 200)
[18:10:30] ERROR: Postgres is not reachable
[18:10:30] Frontend OK (HTTP 000000)
[18:10:30] API OK (HTTP 200)
[18:10:40] ERROR: Postgres is not reachable
[18:10:40] Frontend OK (HTTP 000000)
[18:10:40] API OK (HTTP 200)
[18:10:50] ERROR: Postgres is not reachable
[18:10:50] Frontend OK (HTTP 000000)
[18:10:50] API OK (HTTP 200)
[18:11:00] ERROR: Postgres is not reachable
[18:11:00] Frontend OK (HTTP 000000)
[18:11:01] API OK (HTTP 200)
[18:11:11] ERROR: Postgres is not reachable
[18:11:11] Frontend OK (HTTP 000000)
[18:11:11] API OK (HTTP 200)
[18:11:11] ESCALATING: 6 consecutive failures — check .watchdog-status.json
[18:11:21] ERROR: Postgres is not reachable
[18:11:21] Frontend OK (HTTP 000000)
[18:11:21] API OK (HTTP 200)
[18:11:31] ERROR: Postgres is not reachable
[18:11:31] Frontend OK (HTTP 000000)
[18:11:31] API OK (HTTP 200)
[18:11:41] ERROR: Postgres is not reachable
[18:11:41] Frontend OK (HTTP 000000)
[18:11:41] API OK (HTTP 200)
[18:11:51] ERROR: Postgres is not reachable
[18:11:51] Frontend OK (HTTP 000000)
[18:11:51] API OK (HTTP 200)
[18:12:01] ERROR: Postgres is not reachable
[18:12:02] Frontend OK (HTTP 000000)
[18:12:02] API OK (HTTP 200)
[18:12:12] ERROR: Postgres is not reachable
[18:12:12] Frontend OK (HTTP 000000)
[18:12:12] API OK (HTTP 200)
[18:12:12] ESCALATING: 6 consecutive failures — check .watchdog-status.json
[18:12:22] ERROR: Postgres is not reachable
[18:12:22] Frontend OK (HTTP 000000)
[18:12:22] API OK (HTTP 200)
[18:12:32] ERROR: Postgres is not reachable
[18:12:32] Frontend OK (HTTP 000000)
[18:12:32] API OK (HTTP 200)
[18:12:42] ERROR: Postgres is not reachable
[18:12:42] Frontend OK (HTTP 000000)
[18:12:42] API OK (HTTP 200)
[18:12:52] ERROR: Postgres is not reachable
[18:12:52] Frontend OK (HTTP 000000)
[18:12:52] API OK (HTTP 200)
[18:13:02] ERROR: Postgres is not reachable
[18:13:03] Frontend OK (HTTP 000000)
[18:13:03] API OK (HTTP 200)
[18:13:13] ERROR: Postgres is not reachable
[18:13:13] Frontend OK (HTTP 000000)
[18:13:13] API OK (HTTP 200)
[18:13:13] ESCALATING: 6 consecutive failures — check .watchdog-status.json
[18:13:23] ERROR: Postgres is not reachable
[18:13:23] Frontend OK (HTTP 000000)
[18:13:23] API OK (HTTP 200)
[18:13:33] ERROR: Postgres is not reachable
[18:13:33] Frontend OK (HTTP 000000)
[18:13:33] API OK (HTTP 200)
[18:13:43] ERROR: Postgres is not reachable
[18:13:43] Frontend OK (HTTP 000000)
[18:13:43] API OK (HTTP 200)
[18:13:53] ERROR: Postgres is not reachable
[18:13:53] Frontend OK (HTTP 000000)
[18:13:54] API OK (HTTP 200)
[18:14:04] ERROR: Postgres is not reachable
[18:14:04] Frontend OK (HTTP 000000)
[18:14:04] API OK (HTTP 200)
[18:14:14] ERROR: Postgres is not reachable
[18:14:14] Frontend OK (HTTP 000000)
[18:14:14] API OK (HTTP 200)
[18:14:14] ESCALATING: 6 consecutive failures — check .watchdog-status.json
[18:14:24] ERROR: Postgres is not reachable
[18:14:24] Frontend OK (HTTP 000000)
[18:14:24] API OK (HTTP 200)
[18:14:34] ERROR: Postgres is not reachable
[18:14:34] Frontend OK (HTTP 000000)
[18:14:34] API OK (HTTP 200)
[18:14:44] ERROR: Postgres is not reachable
[18:14:44] Frontend OK (HTTP 000000)
[18:14:44] API OK (HTTP 200)
[18:14:55] ERROR: Postgres is not reachable
[18:14:55] Frontend OK (HTTP 000000)
[18:14:55] API OK (HTTP 200)
[18:15:05] ERROR: Postgres is not reachable
[18:15:05] Frontend OK (HTTP 000000)
[18:15:05] API OK (HTTP 200)
[18:15:15] ERROR: Postgres is not reachable
[18:15:15] Frontend OK (HTTP 000000)
[18:15:15] API OK (HTTP 200)
[18:15:15] ESCALATING: 6 consecutive failures — check .watchdog-status.json
[18:15:25] ERROR: Postgres is not reachable
[18:15:25] Frontend OK (HTTP 000000)
[18:15:25] API OK (HTTP 200)
[18:15:35] ERROR: Postgres is not reachable
[18:15:35] Frontend OK (HTTP 000000)
[18:15:35] API OK (HTTP 200)
[18:15:45] ERROR: Postgres is not reachable
[18:15:45] Frontend OK (HTTP 000000)
[18:15:45] API OK (HTTP 200)
[18:15:55] ERROR: Postgres is not reachable
[18:15:55] Frontend OK (HTTP 000000)
[18:15:55] API OK (HTTP 200)
[18:16:06] ERROR: Postgres is not reachable
[18:16:06] Frontend OK (HTTP 000000)
[18:16:06] API OK (HTTP 200)
[18:16:16] ERROR: Postgres is not reachable
[18:16:16] Frontend OK (HTTP 000000)
[18:16:16] API OK (HTTP 200)
[18:16:16] ESCALATING: 6 consecutive failures — check .watchdog-status.json
[18:16:26] ERROR: Postgres is not reachable
[18:16:26] Frontend OK (HTTP 000000)
[18:16:26] API OK (HTTP 200)
[18:16:36] ERROR: Postgres is not reachable
[18:16:36] Frontend OK (HTTP 000000)
[18:16:36] API OK (HTTP 200)
[18:16:46] ERROR: Postgres is not reachable
[18:16:46] Frontend OK (HTTP 000000)
[18:16:46] API OK (HTTP 200)
[18:16:56] ERROR: Postgres is not reachable
[18:16:56] Frontend OK (HTTP 000000)
[18:16:56] API OK (HTTP 200)
[18:17:07] ERROR: Postgres is not reachable
[18:17:07] Frontend OK (HTTP 000000)
[18:17:07] API OK (HTTP 200)
[18:17:17] ERROR: Postgres is not reachable
[18:17:17] Frontend OK (HTTP 000000)
[18:17:17] API OK (HTTP 200)
[18:17:17] ESCALATING: 6 consecutive failures — check .watchdog-status.json
[18:17:27] ERROR: Postgres is not reachable
[18:17:27] Frontend OK (HTTP 000000)
[18:17:27] API OK (HTTP 200)
[18:17:37] ERROR: Postgres is not reachable
[18:17:37] Frontend OK (HTTP 000000)
[18:17:37] API OK (HTTP 200)
[18:17:47] ERROR: Postgres is not reachable
[18:17:47] Frontend OK (HTTP 000000)
[18:17:47] API OK (HTTP 200)
[18:17:57] ERROR: Postgres is not reachable
[18:17:57] Frontend OK (HTTP 000000)
[18:17:58] API OK (HTTP 200)
[18:18:08] ERROR: Postgres is not reachable
[18:18:08] Frontend OK (HTTP 000000)
[18:18:08] API OK (HTTP 200)
[18:18:18] ERROR: Postgres is not reachable
[18:18:18] Frontend OK (HTTP 000000)
[18:18:18] API OK (HTTP 200)
[18:18:18] ESCALATING: 6 consecutive failures — check .watchdog-status.json
[18:18:28] ERROR: Postgres is not reachable
[18:18:28] Frontend OK (HTTP 000000)
[18:18:28] API OK (HTTP 200)
[18:18:38] ERROR: Postgres is not reachable
[18:18:38] Frontend OK (HTTP 000000)
[18:18:38] API OK (HTTP 200)
[18:18:48] ERROR: Postgres is not reachable
[18:18:48] Frontend OK (HTTP 000000)
[18:18:48] API OK (HTTP 200)
[18:18:58] ERROR: Postgres is not reachable
[18:18:59] Frontend OK (HTTP 000000)
[18:18:59] API OK (HTTP 200)
[18:19:09] ERROR: Postgres is not reachable
[18:19:09] Frontend OK (HTTP 000000)
[18:19:09] API OK (HTTP 200)
[18:19:19] ERROR: Postgres is not reachable
[18:19:19] Frontend OK (HTTP 000000)
[18:19:19] API OK (HTTP 200)
[18:19:19] ESCALATING: 6 consecutive failures — check .watchdog-status.json
[18:19:29] ERROR: Postgres is not reachable
[18:19:29] Frontend OK (HTTP 000000)
[18:19:29] API OK (HTTP 200)
[18:19:39] ERROR: Postgres is not reachable
[18:19:39] Frontend OK (HTTP 000000)
[18:19:39] API OK (HTTP 200)
[18:19:49] ERROR: Postgres is not reachable
[18:19:49] Frontend OK (HTTP 000000)
[18:19:49] API OK (HTTP 200)
[18:19:59] ERROR: Postgres is not reachable
[18:19:59] Frontend OK (HTTP 000000)
[18:20:00] API OK (HTTP 200)
[18:20:10] ERROR: Postgres is not reachable
[18:20:10] Frontend OK (HTTP 000000)
[18:20:10] API OK (HTTP 200)
[18:20:20] ERROR: Postgres is not reachable
[18:20:20] Frontend OK (HTTP 000000)
[18:20:20] API OK (HTTP 200)
[18:20:20] ESCALATING: 6 consecutive failures — check .watchdog-status.json
[18:20:30] ERROR: Postgres is not reachable
[18:20:30] Frontend OK (HTTP 000000)
[18:20:30] API OK (HTTP 200)
[18:20:40] ERROR: Postgres is not reachable
[18:20:40] Frontend OK (HTTP 000000)
[18:20:40] API OK (HTTP 200)
[18:20:50] ERROR: Postgres is not reachable
[18:20:50] Frontend OK (HTTP 000000)
[18:20:50] API OK (HTTP 200)
[18:21:00] ERROR: Postgres is not reachable
[18:21:00] Frontend OK (HTTP 000000)
[18:21:00] API OK (HTTP 200)
[18:21:10] ERROR: Postgres is not reachable
[18:21:11] Frontend OK (HTTP 000000)
[18:21:11] API OK (HTTP 200)
[18:21:21] ERROR: Postgres is not reachable
[18:21:21] Frontend OK (HTTP 000000)
[18:21:21] API OK (HTTP 200)
[18:21:21] ESCALATING: 6 consecutive failures — check .watchdog-status.json
[18:21:31] ERROR: Postgres is not reachable
[18:21:31] Frontend OK (HTTP 000000)
[18:21:31] API OK (HTTP 200)
[18:21:41] ERROR: Postgres is not reachable
[18:21:41] Frontend OK (HTTP 000000)
[18:21:41] API OK (HTTP 200)
[18:21:51] ERROR: Postgres is not reachable
[18:21:51] Frontend OK (HTTP 000000)
[18:21:51] API OK (HTTP 200)
[18:22:01] ERROR: Postgres is not reachable
[18:22:01] Frontend OK (HTTP 000000)
[18:22:01] API OK (HTTP 200)
[18:22:11] ERROR: Postgres is not reachable
[18:22:12] Frontend OK (HTTP 000000)
[18:22:12] API OK (HTTP 200)
[18:22:22] ERROR: Postgres is not reachable
[18:22:22] Frontend OK (HTTP 000000)
[18:22:22] API OK (HTTP 200)
[18:22:22] ESCALATING: 6 consecutive failures — check .watchdog-status.json
[18:22:32] ERROR: Postgres is not reachable
[18:22:32] Frontend OK (HTTP 000000)
[18:22:32] API OK (HTTP 200)
[18:22:42] ERROR: Postgres is not reachable
[18:22:42] Frontend OK (HTTP 000000)
[18:22:42] API OK (HTTP 200)
[18:22:52] ERROR: Postgres is not reachable
[18:22:52] Frontend OK (HTTP 000000)
[18:22:52] API OK (HTTP 200)
[18:23:02] ERROR: Postgres is not reachable
[18:23:02] Frontend OK (HTTP 000000)
[18:23:02] API OK (HTTP 200)
[18:23:12] ERROR: Postgres is not reachable
[18:23:13] Frontend OK (HTTP 000000)
[18:23:13] API OK (HTTP 200)
[18:23:23] ERROR: Postgres is not reachable
[18:23:23] Frontend OK (HTTP 000000)
[18:23:23] API OK (HTTP 200)
[18:23:23] ESCALATING: 6 consecutive failures — check .watchdog-status.json
[18:23:33] ERROR: Postgres is not reachable
[18:23:33] Frontend OK (HTTP 000000)
[18:23:33] API OK (HTTP 200)
[18:23:43] ERROR: Postgres is not reachable
[18:23:43] Frontend OK (HTTP 000000)
[18:23:43] API OK (HTTP 200)
[18:23:53] ERROR: Postgres is not reachable
[18:23:53] Frontend OK (HTTP 000000)
[18:23:53] API OK (HTTP 200)
[18:24:03] ERROR: Postgres is not reachable
[18:24:03] Frontend OK (HTTP 000000)
[18:24:03] API OK (HTTP 200)
[18:24:14] ERROR: Postgres is not reachable
[18:24:14] Frontend OK (HTTP 000000)
[18:24:14] API OK (HTTP 200)
[18:24:24] ERROR: Postgres is not reachable
[18:24:24] Frontend OK (HTTP 000000)
[18:24:24] API OK (HTTP 200)
[18:24:24] ESCALATING: 6 consecutive failures — check .watchdog-status.json
[18:24:34] ERROR: Postgres is not reachable
[18:24:34] Frontend OK (HTTP 000000)
[18:24:34] API OK (HTTP 200)
[18:24:44] ERROR: Postgres is not reachable
[18:24:44] Frontend OK (HTTP 000000)
[18:24:44] API OK (HTTP 200)
[18:24:54] ERROR: Postgres is not reachable
[18:24:54] Frontend OK (HTTP 000000)
[18:24:54] API OK (HTTP 200)
[18:25:04] ERROR: Postgres is not reachable
[18:25:04] Frontend OK (HTTP 000000)
[18:25:04] API OK (HTTP 200)
[18:25:15] ERROR: Postgres is not reachable
[18:25:15] Frontend OK (HTTP 000000)
[18:25:15] API OK (HTTP 200)
[18:25:25] ERROR: Postgres is not reachable
[18:25:25] Frontend OK (HTTP 000000)
[18:25:25] API OK (HTTP 200)
[18:25:25] ESCALATING: 6 consecutive failures — check .watchdog-status.json
[18:25:35] ERROR: Postgres is not reachable
[18:25:35] Frontend OK (HTTP 000000)
[18:25:35] API OK (HTTP 200)
[18:25:45] ERROR: Postgres is not reachable
[18:25:45] Frontend OK (HTTP 000000)
[18:25:45] API OK (HTTP 200)
[18:25:55] ERROR: Postgres is not reachable
[18:25:55] Frontend OK (HTTP 000000)
[18:25:55] API OK (HTTP 200)
[18:26:05] ERROR: Postgres is not reachable
[18:26:05] Frontend OK (HTTP 000000)
[18:26:05] API OK (HTTP 200)
[18:26:15] ERROR: Postgres is not reachable
[18:26:15] Frontend OK (HTTP 000000)
[18:26:16] API OK (HTTP 200)
[18:26:26] ERROR: Postgres is not reachable
[18:26:26] Frontend OK (HTTP 000000)
[18:26:26] API OK (HTTP 200)
[18:26:26] ESCALATING: 6 consecutive failures — check .watchdog-status.json
[18:26:36] ERROR: Postgres is not reachable
[18:26:36] Frontend OK (HTTP 000000)
[18:26:36] API OK (HTTP 200)
[18:26:46] ERROR: Postgres is not reachable
[18:26:46] Frontend OK (HTTP 000000)
[18:26:46] API OK (HTTP 200)
[18:26:56] ERROR: Postgres is not reachable
[18:26:56] Frontend OK (HTTP 000000)
[18:26:56] API OK (HTTP 200)
[18:27:06] ERROR: Postgres is not reachable
[18:27:06] Frontend OK (HTTP 000000)
[18:27:06] API OK (HTTP 200)
[18:27:16] ERROR: Postgres is not reachable
[18:27:16] Frontend OK (HTTP 000000)
[18:27:16] API OK (HTTP 200)
[18:27:27] ERROR: Postgres is not reachable
[18:27:27] Frontend OK (HTTP 000000)
[18:27:27] API OK (HTTP 200)
[18:27:27] ESCALATING: 6 consecutive failures — check .watchdog-status.json
[18:27:37] ERROR: Postgres is not reachable
[18:27:37] Frontend OK (HTTP 000000)
[18:27:37] API OK (HTTP 200)
[18:27:47] ERROR: Postgres is not reachable
[18:27:47] Frontend OK (HTTP 000000)
[18:27:47] API OK (HTTP 200)
[18:27:57] ERROR: Postgres is not reachable
[18:27:57] Frontend OK (HTTP 000000)
[18:27:57] API OK (HTTP 200)
[18:28:07] ERROR: Postgres is not reachable
[18:28:07] Frontend OK (HTTP 000000)
[18:28:07] API OK (HTTP 200)
[18:28:18] ERROR: Postgres is not reachable
[18:28:18] Frontend OK (HTTP 000000)
[18:28:18] API OK (HTTP 200)
[18:28:28] ERROR: Postgres is not reachable
[18:28:28] Frontend OK (HTTP 000000)
[18:28:28] API OK (HTTP 200)
[18:28:28] ESCALATING: 6 consecutive failures — check .watchdog-status.json
[18:28:38] ERROR: Postgres is not reachable
[18:28:38] Frontend OK (HTTP 000000)
[18:28:38] API OK (HTTP 200)
[18:28:48] ERROR: Postgres is not reachable
[18:28:48] Frontend OK (HTTP 000000)
[18:28:48] API OK (HTTP 200)
[18:28:58] ERROR: Postgres is not reachable
[18:28:58] Frontend OK (HTTP 000000)
[18:28:58] API OK (HTTP 200)
[18:29:08] ERROR: Postgres is not reachable
[18:29:08] Frontend OK (HTTP 000000)
[18:29:09] API OK (HTTP 200)
[18:29:19] ERROR: Postgres is not reachable
[18:29:19] Frontend OK (HTTP 000000)
[18:29:19] API OK (HTTP 200)
[18:29:29] ERROR: Postgres is not reachable
[18:29:29] Frontend OK (HTTP 000000)
[18:29:29] API OK (HTTP 200)
[18:29:29] ESCALATING: 6 consecutive failures — check .watchdog-status.json
[18:29:39] ERROR: Postgres is not reachable
[18:29:39] Frontend OK (HTTP 000000)
[18:29:39] API OK (HTTP 200)
[18:29:49] ERROR: Postgres is not reachable
[18:29:49] Frontend OK (HTTP 000000)
[18:29:49] API OK (HTTP 200)
[18:29:59] ERROR: Postgres is not reachable
[18:29:59] Frontend OK (HTTP 000000)
[18:29:59] API OK (HTTP 200)
[18:30:09] ERROR: Postgres is not reachable
[18:30:09] Frontend OK (HTTP 000000)
[18:30:09] API OK (HTTP 200)
[18:30:20] ERROR: Postgres is not reachable
[18:30:20] Frontend OK (HTTP 000000)
[18:30:20] API OK (HTTP 200)
[18:30:30] ERROR: Postgres is not reachable
[18:30:30] Frontend OK (HTTP 000000)
[18:30:30] API OK (HTTP 200)
[18:30:30] ESCALATING: 6 consecutive failures — check .watchdog-status.json
[18:30:40] ERROR: Postgres is not reachable
[18:30:40] Frontend OK (HTTP 000000)
[18:30:40] API OK (HTTP 200)
[18:30:50] ERROR: Postgres is not reachable
[18:30:50] Frontend OK (HTTP 000000)
[18:30:50] API OK (HTTP 200)
[18:31:00] ERROR: Postgres is not reachable
[18:31:00] Frontend OK (HTTP 000000)
[18:31:00] API OK (HTTP 200)
[18:31:10] ERROR: Postgres is not reachable
[18:31:10] Frontend OK (HTTP 000000)
[18:31:10] API OK (HTTP 200)
[18:31:21] ERROR: Postgres is not reachable
[18:31:21] Frontend OK (HTTP 000000)
[18:31:21] API OK (HTTP 200)
[18:31:31] ERROR: Postgres is not reachable
[18:31:31] Frontend OK (HTTP 000000)
[18:31:31] API OK (HTTP 200)
[18:31:31] ESCALATING: 6 consecutive failures — check .watchdog-status.json
[18:31:41] ERROR: Postgres is not reachable
[18:31:41] Frontend OK (HTTP 000000)
[18:31:41] API OK (HTTP 200)
[18:31:51] ERROR: Postgres is not reachable
[18:31:51] Frontend OK (HTTP 000000)
[18:31:51] API OK (HTTP 200)
[18:32:01] ERROR: Postgres is not reachable
[18:32:01] Frontend OK (HTTP 000000)
[18:32:01] API OK (HTTP 200)
[18:32:11] ERROR: Postgres is not reachable
[18:32:11] Frontend OK (HTTP 000000)
[18:32:11] API OK (HTTP 200)
[18:32:22] ERROR: Postgres is not reachable
[18:32:22] Frontend OK (HTTP 000000)
[18:32:22] API OK (HTTP 200)
[18:32:32] ERROR: Postgres is not reachable
[18:32:32] Frontend OK (HTTP 000000)
[18:32:32] API OK (HTTP 200)
[18:32:32] ESCALATING: 6 consecutive failures — check .watchdog-status.json
[18:32:42] ERROR: Postgres is not reachable
[18:32:42] Frontend OK (HTTP 000000)
[18:32:42] API OK (HTTP 200)
[18:32:52] ERROR: Postgres is not reachable
[18:32:52] Frontend OK (HTTP 000000)
[18:32:52] API OK (HTTP 200)
[18:33:02] ERROR: Postgres is not reachable
[18:33:02] Frontend OK (HTTP 000000)
[18:33:02] API OK (HTTP 200)
[18:33:12] ERROR: Postgres is not reachable
[18:33:12] Frontend OK (HTTP 000000)
[18:33:12] API OK (HTTP 200)
[18:33:22] ERROR: Postgres is not reachable
[18:33:23] Frontend OK (HTTP 000000)
[18:33:23] API OK (HTTP 200)
[18:33:33] ERROR: Postgres is not reachable
[18:33:33] Frontend OK (HTTP 000000)
[18:33:33] API OK (HTTP 200)
[18:33:33] ESCALATING: 6 consecutive failures — check .watchdog-status.json
[18:33:43] ERROR: Postgres is not reachable
[18:33:43] Frontend OK (HTTP 000000)
[18:33:43] API OK (HTTP 200)
[18:33:53] ERROR: Postgres is not reachable
[18:33:53] Frontend OK (HTTP 000000)
[18:33:53] API OK (HTTP 200)
[18:34:03] ERROR: Postgres is not reachable
[18:34:03] Frontend OK (HTTP 000000)
[18:34:03] API OK (HTTP 200)
[18:34:13] ERROR: Postgres is not reachable
[18:34:13] Frontend OK (HTTP 000000)
[18:34:13] API OK (HTTP 200)
[18:34:23] ERROR: Postgres is not reachable
[18:34:23] Frontend OK (HTTP 000000)
[18:34:24] API OK (HTTP 200)
[18:34:34] ERROR: Postgres is not reachable
[18:34:34] Frontend OK (HTTP 000000)
[18:34:34] API OK (HTTP 200)
[18:34:34] ESCALATING: 6 consecutive failures — check .watchdog-status.json
[18:34:44] ERROR: Postgres is not reachable
[18:34:44] Frontend OK (HTTP 000000)
[18:34:44] API OK (HTTP 200)
[18:34:54] ERROR: Postgres is not reachable
[18:34:54] Frontend OK (HTTP 000000)
[18:34:54] API OK (HTTP 200)
[18:35:04] ERROR: Postgres is not reachable
[18:35:04] Frontend OK (HTTP 000000)
[18:35:04] API OK (HTTP 200)
[18:35:14] ERROR: Postgres is not reachable
[18:35:14] Frontend OK (HTTP 000000)
[18:35:14] API OK (HTTP 200)
[18:35:24] ERROR: Postgres is not reachable
[18:35:24] Frontend OK (HTTP 000000)
[18:35:24] API OK (HTTP 200)
[18:35:34] ERROR: Postgres is not reachable
[18:35:35] Frontend OK (HTTP 000000)
[18:35:35] API OK (HTTP 200)
[18:35:35] ESCALATING: 6 consecutive failures — check .watchdog-status.json
[18:35:45] ERROR: Postgres is not reachable
[18:35:45] Frontend OK (HTTP 000000)
[18:35:45] API OK (HTTP 200)
[18:35:55] ERROR: Postgres is not reachable
[18:35:55] Frontend OK (HTTP 000000)
[18:35:55] API OK (HTTP 200)
[18:36:05] ERROR: Postgres is not reachable
[18:36:05] Frontend OK (HTTP 000000)
[18:36:05] API OK (HTTP 200)
[18:36:15] ERROR: Postgres is not reachable
[18:36:15] Frontend OK (HTTP 000000)
[18:36:15] API OK (HTTP 200)
[18:36:25] ERROR: Postgres is not reachable
[18:36:25] Frontend OK (HTTP 000000)
[18:36:25] API OK (HTTP 200)
[18:36:35] ERROR: Postgres is not reachable
[18:36:35] Frontend OK (HTTP 000000)
[18:36:35] API OK (HTTP 200)
[18:36:35] ESCALATING: 6 consecutive failures — check .watchdog-status.json
[18:36:46] ERROR: Postgres is not reachable
[18:36:46] Frontend OK (HTTP 000000)
[18:36:46] API OK (HTTP 200)
[18:36:56] ERROR: Postgres is not reachable
[18:36:56] Frontend OK (HTTP 000000)
[18:36:56] API OK (HTTP 200)
[18:37:06] ERROR: Postgres is not reachable
[18:37:06] Frontend OK (HTTP 000000)
[18:37:06] API OK (HTTP 200)
[18:37:16] ERROR: Postgres is not reachable
[18:37:16] Frontend OK (HTTP 000000)
[18:37:16] API OK (HTTP 200)
[18:37:26] ERROR: Postgres is not reachable
[18:37:26] Frontend OK (HTTP 000000)
[18:37:26] API OK (HTTP 200)
[18:37:36] ERROR: Postgres is not reachable
[18:37:36] Frontend OK (HTTP 000000)
[18:37:36] API OK (HTTP 200)
[18:37:36] ESCALATING: 6 consecutive failures — check .watchdog-status.json
[18:37:46] ERROR: Postgres is not reachable
[18:37:46] Frontend OK (HTTP 000000)
[18:37:46] API OK (HTTP 200)
[18:37:57] ERROR: Postgres is not reachable
[18:37:57] Frontend OK (HTTP 000000)
[18:37:57] API OK (HTTP 200)
[18:38:07] ERROR: Postgres is not reachable
[18:38:07] Frontend OK (HTTP 000000)
[18:38:07] API OK (HTTP 200)
[18:38:17] ERROR: Postgres is not reachable
[18:38:17] Frontend OK (HTTP 000000)
[18:38:17] API OK (HTTP 200)
[18:38:27] ERROR: Postgres is not reachable
[18:38:27] Frontend OK (HTTP 000000)
[18:38:27] API OK (HTTP 200)
[18:38:37] ERROR: Postgres is not reachable
[18:38:37] Frontend OK (HTTP 000000)
[18:38:37] API OK (HTTP 200)
[18:38:37] ESCALATING: 6 consecutive failures — check .watchdog-status.json
[18:38:47] ERROR: Postgres is not reachable
[18:38:47] Frontend OK (HTTP 000000)
[18:38:47] API OK (HTTP 200)
[18:38:57] ERROR: Postgres is not reachable
[18:38:58] Frontend OK (HTTP 000000)
[18:38:58] API OK (HTTP 200)
[18:39:08] ERROR: Postgres is not reachable
[18:39:08] Frontend OK (HTTP 000000)
[18:39:08] API OK (HTTP 200)
[18:39:18] ERROR: Postgres is not reachable
[18:39:18] Frontend OK (HTTP 000000)
[18:39:18] API OK (HTTP 200)
[18:39:28] ERROR: Postgres is not reachable
[18:39:28] Frontend OK (HTTP 000000)
[18:39:28] API OK (HTTP 200)
[18:39:38] ERROR: Postgres is not reachable
[18:39:38] Frontend OK (HTTP 000000)
[18:39:38] API OK (HTTP 200)
[18:39:38] ESCALATING: 6 consecutive failures — check .watchdog-status.json
[18:39:48] ERROR: Postgres is not reachable
[18:39:48] Frontend OK (HTTP 000000)
[18:39:48] API OK (HTTP 200)
[18:39:58] ERROR: Postgres is not reachable
[18:39:58] Frontend OK (HTTP 000000)
[18:39:58] API OK (HTTP 200)
[18:40:09] ERROR: Postgres is not reachable
[18:40:09] Frontend OK (HTTP 000000)
[18:40:09] API OK (HTTP 200)
[18:40:19] ERROR: Postgres is not reachable
[18:40:19] Frontend OK (HTTP 000000)
[18:40:19] API OK (HTTP 200)
[18:40:29] ERROR: Postgres is not reachable
[18:40:29] Frontend OK (HTTP 000000)
[18:40:29] API OK (HTTP 200)
[18:40:39] ERROR: Postgres is not reachable
[18:40:39] Frontend OK (HTTP 000000)
[18:40:39] API OK (HTTP 200)
[18:40:39] ESCALATING: 6 consecutive failures — check .watchdog-status.json
[18:40:49] ERROR: Postgres is not reachable
[18:40:49] Frontend OK (HTTP 000000)
[18:40:49] API OK (HTTP 200)
[18:40:59] ERROR: Postgres is not reachable
[18:40:59] Frontend OK (HTTP 000000)
[18:41:00] API OK (HTTP 200)
[18:41:10] ERROR: Postgres is not reachable
[18:41:10] Frontend OK (HTTP 000000)
[18:41:10] API OK (HTTP 200)
[18:41:20] ERROR: Postgres is not reachable
[18:41:20] Frontend OK (HTTP 000000)
[18:41:20] API OK (HTTP 200)
[18:41:30] ERROR: Postgres is not reachable
[18:41:30] Frontend OK (HTTP 000000)
[18:41:30] API OK (HTTP 200)
[18:41:40] ERROR: Postgres is not reachable
[18:41:40] Frontend OK (HTTP 000000)
[18:41:40] API OK (HTTP 200)
[18:41:40] ESCALATING: 6 consecutive failures — check .watchdog-status.json
[18:41:50] ERROR: Postgres is not reachable
[18:41:50] Frontend OK (HTTP 000000)
[18:41:50] API OK (HTTP 200)
[18:42:00] ERROR: Postgres is not reachable
[18:42:00] Frontend OK (HTTP 000000)
[18:42:01] API OK (HTTP 200)
[18:42:11] ERROR: Postgres is not reachable
[18:42:11] Frontend OK (HTTP 000000)
[18:42:11] API OK (HTTP 200)
[18:42:21] ERROR: Postgres is not reachable
[18:42:21] Frontend OK (HTTP 000000)
[18:42:21] API OK (HTTP 200)
[18:42:31] ERROR: Postgres is not reachable
[18:42:31] Frontend OK (HTTP 000000)
[18:42:31] API OK (HTTP 200)
[18:42:41] ERROR: Postgres is not reachable
[18:42:41] Frontend OK (HTTP 000000)
[18:42:41] API OK (HTTP 200)
[18:42:41] ESCALATING: 6 consecutive failures — check .watchdog-status.json
[18:42:51] ERROR: Postgres is not reachable
[18:42:51] Frontend OK (HTTP 000000)
[18:42:51] API OK (HTTP 200)
[18:43:01] ERROR: Postgres is not reachable
[18:43:02] Frontend OK (HTTP 000000)
[18:43:02] API OK (HTTP 200)
[18:43:12] ERROR: Postgres is not reachable
[18:43:12] Frontend OK (HTTP 000000)
[18:43:12] API OK (HTTP 200)
[18:43:22] ERROR: Postgres is not reachable
[18:43:22] Frontend OK (HTTP 000000)
[18:43:22] API OK (HTTP 200)
[18:43:32] ERROR: Postgres is not reachable
[18:43:32] Frontend OK (HTTP 000000)
[18:43:32] API OK (HTTP 200)
[18:43:42] ERROR: Postgres is not reachable
[18:43:42] Frontend OK (HTTP 000000)
[18:43:42] API OK (HTTP 200)
[18:43:42] ESCALATING: 6 consecutive failures — check .watchdog-status.json
[18:43:52] ERROR: Postgres is not reachable
[18:43:52] Frontend OK (HTTP 000000)
[18:43:52] API OK (HTTP 200)
[18:44:03] ERROR: Postgres is not reachable
[18:44:03] Frontend OK (HTTP 000000)
[18:44:03] API OK (HTTP 200)
[18:44:13] ERROR: Postgres is not reachable
[18:44:13] Frontend OK (HTTP 000000)
[18:44:13] API OK (HTTP 200)
[18:44:23] ERROR: Postgres is not reachable
[18:44:23] Frontend OK (HTTP 000000)
[18:44:23] API OK (HTTP 200)
[18:44:33] ERROR: Postgres is not reachable
[18:44:33] Frontend OK (HTTP 000000)
[18:44:33] API OK (HTTP 200)
[18:44:43] ERROR: Postgres is not reachable
[18:44:43] Frontend OK (HTTP 000000)
[18:44:43] API OK (HTTP 200)
[18:44:43] ESCALATING: 6 consecutive failures — check .watchdog-status.json
[18:44:53] ERROR: Postgres is not reachable
[18:44:53] Frontend OK (HTTP 000000)
[18:44:53] API OK (HTTP 200)
[18:45:04] ERROR: Postgres is not reachable
[18:45:04] Frontend OK (HTTP 000000)
[18:45:04] API OK (HTTP 200)
[18:45:14] ERROR: Postgres is not reachable
[18:45:14] Frontend OK (HTTP 000000)
[18:45:14] API OK (HTTP 200)
[18:45:24] ERROR: Postgres is not reachable
[18:45:24] Frontend OK (HTTP 000000)
[18:45:24] API OK (HTTP 200)
[18:45:34] ERROR: Postgres is not reachable
[18:45:34] Frontend OK (HTTP 000000)
[18:45:34] API OK (HTTP 200)
[18:45:44] ERROR: Postgres is not reachable
[18:45:44] Frontend OK (HTTP 000000)
[18:45:44] API OK (HTTP 200)
[18:45:44] ESCALATING: 6 consecutive failures — check .watchdog-status.json
[18:45:54] ERROR: Postgres is not reachable
[18:45:54] Frontend OK (HTTP 000000)
[18:45:54] API OK (HTTP 200)
[18:46:04] ERROR: Postgres is not reachable
[18:46:05] Frontend OK (HTTP 000000)
[18:46:05] API OK (HTTP 200)
[18:46:15] ERROR: Postgres is not reachable
[18:46:15] Frontend OK (HTTP 000000)
[18:46:15] API OK (HTTP 200)
[18:46:25] ERROR: Postgres is not reachable
[18:46:25] Frontend OK (HTTP 000000)
[18:46:25] API OK (HTTP 200)
[18:46:35] ERROR: Postgres is not reachable
[18:46:35] Frontend OK (HTTP 000000)
[18:46:35] API OK (HTTP 200)
[18:46:45] ERROR: Postgres is not reachable
[18:46:45] Frontend OK (HTTP 000000)
[18:46:45] API OK (HTTP 200)
[18:46:45] ESCALATING: 6 consecutive failures — check .watchdog-status.json
[18:46:55] ERROR: Postgres is not reachable
[18:46:55] Frontend OK (HTTP 000000)
[18:46:55] API OK (HTTP 200)
[18:47:05] ERROR: Postgres is not reachable
[18:47:05] Frontend OK (HTTP 000000)
[18:47:06] API OK (HTTP 200)
[18:47:16] ERROR: Postgres is not reachable
[18:47:16] Frontend OK (HTTP 000000)
[18:47:16] API OK (HTTP 200)
[18:47:26] ERROR: Postgres is not reachable
[18:47:26] Frontend OK (HTTP 000000)
[18:47:26] API OK (HTTP 200)
[18:47:36] ERROR: Postgres is not reachable
[18:47:36] Frontend OK (HTTP 000000)
[18:47:36] API OK (HTTP 200)
[18:47:46] ERROR: Postgres is not reachable
[18:47:46] Frontend OK (HTTP 000000)
[18:47:46] API OK (HTTP 200)
[18:47:46] ESCALATING: 6 consecutive failures — check .watchdog-status.json
[18:47:57] ERROR: Postgres is not reachable
[18:47:57] Frontend OK (HTTP 000000)
[18:47:57] API OK (HTTP 200)
[18:48:07] ERROR: Postgres is not reachable
[18:48:07] Frontend OK (HTTP 000000)
[18:48:07] API OK (HTTP 200)
[18:48:17] ERROR: Postgres is not reachable
[18:48:17] Frontend OK (HTTP 000000)
[18:48:17] API OK (HTTP 200)
[18:48:27] ERROR: Postgres is not reachable
[18:48:27] Frontend OK (HTTP 000000)
[18:48:27] API OK (HTTP 200)
[18:48:37] ERROR: Postgres is not reachable
[18:48:37] Frontend OK (HTTP 000000)
[18:48:37] API OK (HTTP 200)
[18:48:47] ERROR: Postgres is not reachable
[18:48:47] Frontend OK (HTTP 000000)
[18:48:47] API OK (HTTP 200)
[18:48:47] ESCALATING: 6 consecutive failures — check .watchdog-status.json
[18:48:58] ERROR: Postgres is not reachable
[18:48:58] Frontend OK (HTTP 000000)
[18:48:58] API OK (HTTP 200)
[18:49:08] ERROR: Postgres is not reachable
[18:49:08] Frontend OK (HTTP 000000)
[18:49:08] API OK (HTTP 200)
[18:49:18] ERROR: Postgres is not reachable
[18:49:18] Frontend OK (HTTP 000000)
[18:49:18] API OK (HTTP 200)
[18:49:28] ERROR: Postgres is not reachable
[18:49:28] Frontend OK (HTTP 000000)
[18:49:28] API OK (HTTP 200)
[18:49:38] ERROR: Postgres is not reachable
[18:49:38] Frontend OK (HTTP 000000)
[18:49:38] API OK (HTTP 200)
[18:49:48] ERROR: Postgres is not reachable
[18:49:48] Frontend OK (HTTP 000000)
[18:49:48] API OK (HTTP 200)
[18:49:48] ESCALATING: 6 consecutive failures — check .watchdog-status.json
[18:49:59] ERROR: Postgres is not reachable
[18:49:59] Frontend OK (HTTP 000000)
[18:49:59] API OK (HTTP 200)
[18:50:09] ERROR: Postgres is not reachable
[18:50:09] Frontend OK (HTTP 000000)
[18:50:09] API OK (HTTP 200)
[18:50:19] ERROR: Postgres is not reachable
[18:50:19] Frontend OK (HTTP 000000)
[18:50:19] API OK (HTTP 200)
[18:50:29] ERROR: Postgres is not reachable
[18:50:29] Frontend OK (HTTP 000000)
[18:50:29] API OK (HTTP 200)
[18:50:39] ERROR: Postgres is not reachable
[18:50:39] Frontend OK (HTTP 000000)
[18:50:39] API OK (HTTP 200)
[18:50:49] ERROR: Postgres is not reachable
[18:50:49] Frontend OK (HTTP 000000)
[18:50:49] API OK (HTTP 200)
[18:50:49] ESCALATING: 6 consecutive failures — check .watchdog-status.json
[18:51:00] ERROR: Postgres is not reachable
[18:51:00] Frontend OK (HTTP 000000)
[18:51:00] API OK (HTTP 200)
[18:51:10] ERROR: Postgres is not reachable
[18:51:10] Frontend OK (HTTP 000000)
[18:51:10] API OK (HTTP 200)
[18:51:20] ERROR: Postgres is not reachable
[18:51:20] Frontend OK (HTTP 000000)
[18:51:20] API OK (HTTP 200)
[18:51:30] ERROR: Postgres is not reachable
[18:51:30] Frontend OK (HTTP 000000)
[18:51:30] API OK (HTTP 200)
[18:51:40] ERROR: Postgres is not reachable
[18:51:40] Frontend OK (HTTP 000000)
[18:51:40] API OK (HTTP 200)
[18:51:50] ERROR: Postgres is not reachable
[18:51:50] Frontend OK (HTTP 000000)
[18:51:50] API OK (HTTP 200)
[18:51:50] ESCALATING: 6 consecutive failures — check .watchdog-status.json
[18:52:01] ERROR: Postgres is not reachable
[18:52:01] Frontend OK (HTTP 000000)
[18:52:01] API OK (HTTP 200)
[18:52:11] ERROR: Postgres is not reachable
[18:52:11] Frontend OK (HTTP 000000)
[18:52:11] API OK (HTTP 200)
[18:52:21] ERROR: Postgres is not reachable
[18:52:21] Frontend OK (HTTP 000000)
[18:52:21] API OK (HTTP 200)
[18:52:31] ERROR: Postgres is not reachable
[18:52:31] Frontend OK (HTTP 000000)
[18:52:31] API OK (HTTP 200)
[18:52:41] ERROR: Postgres is not reachable
[18:52:41] Frontend OK (HTTP 000000)
[18:52:41] API OK (HTTP 200)
[18:52:51] ERROR: Postgres is not reachable
[18:52:51] Frontend OK (HTTP 000000)
[18:52:51] API OK (HTTP 200)
[18:52:51] ESCALATING: 6 consecutive failures — check .watchdog-status.json
[18:53:01] ERROR: Postgres is not reachable
[18:53:01] Frontend OK (HTTP 000000)
[18:53:02] API OK (HTTP 200)
[18:53:12] ERROR: Postgres is not reachable
[18:53:12] Frontend OK (HTTP 000000)
[18:53:12] API OK (HTTP 200)
[18:53:22] ERROR: Postgres is not reachable
[18:53:22] Frontend OK (HTTP 000000)
[18:53:22] API OK (HTTP 200)
[18:53:32] ERROR: Postgres is not reachable
[18:53:32] Frontend OK (HTTP 000000)
[18:53:32] API OK (HTTP 200)
[18:53:42] ERROR: Postgres is not reachable
[18:53:42] Frontend OK (HTTP 000000)
[18:53:42] API OK (HTTP 200)
[18:53:52] ERROR: Postgres is not reachable
[18:53:52] Frontend OK (HTTP 000000)
[18:53:52] API OK (HTTP 200)
[18:53:52] ESCALATING: 6 consecutive failures — check .watchdog-status.json
[18:54:02] ERROR: Postgres is not reachable
[18:54:02] Frontend OK (HTTP 000000)
[18:54:02] API OK (HTTP 200)
[18:54:13] ERROR: Postgres is not reachable
[18:54:13] Frontend OK (HTTP 000000)
[18:54:13] API OK (HTTP 200)
[18:54:23] ERROR: Postgres is not reachable
[18:54:23] Frontend OK (HTTP 000000)
[18:54:23] API OK (HTTP 200)
[18:54:33] ERROR: Postgres is not reachable
[18:54:33] Frontend OK (HTTP 000000)
[18:54:33] API OK (HTTP 200)
[18:54:43] ERROR: Postgres is not reachable
[18:54:43] Frontend OK (HTTP 000000)
[18:54:43] API OK (HTTP 200)
[18:54:53] ERROR: Postgres is not reachable
[18:54:53] Frontend OK (HTTP 000000)
[18:54:53] API OK (HTTP 200)
[18:54:53] ESCALATING: 6 consecutive failures — check .watchdog-status.json
[18:55:03] ERROR: Postgres is not reachable
[18:55:03] Frontend OK (HTTP 000000)
[18:55:03] API OK (HTTP 200)
[18:55:13] ERROR: Postgres is not reachable
[18:55:13] Frontend OK (HTTP 000000)
[18:55:13] API OK (HTTP 200)
[18:55:24] ERROR: Postgres is not reachable
[18:55:24] Frontend OK (HTTP 000000)
[18:55:24] API OK (HTTP 200)
[18:55:34] ERROR: Postgres is not reachable
[18:55:34] Frontend OK (HTTP 000000)
[18:55:34] API OK (HTTP 200)
[18:55:44] ERROR: Postgres is not reachable
[18:55:44] Frontend OK (HTTP 000000)
[18:55:44] API OK (HTTP 200)
[18:55:54] ERROR: Postgres is not reachable
[18:55:54] Frontend OK (HTTP 000000)
[18:55:54] API OK (HTTP 200)
[18:55:54] ESCALATING: 6 consecutive failures — check .watchdog-status.json
[18:56:04] ERROR: Postgres is not reachable
[18:56:04] Frontend OK (HTTP 000000)
[18:56:04] API OK (HTTP 200)
[18:56:14] ERROR: Postgres is not reachable
[18:56:14] Frontend OK (HTTP 000000)
[18:56:14] API OK (HTTP 200)
[18:56:24] ERROR: Postgres is not reachable
[18:56:25] Frontend OK (HTTP 000000)
[18:56:25] API OK (HTTP 200)
[18:56:35] ERROR: Postgres is not reachable
[18:56:35] Frontend OK (HTTP 000000)
[18:56:35] API OK (HTTP 200)
[18:56:45] ERROR: Postgres is not reachable
[18:56:45] Frontend OK (HTTP 000000)
[18:56:45] API OK (HTTP 200)
[18:56:55] ERROR: Postgres is not reachable
[18:56:55] Frontend OK (HTTP 000000)
[18:56:55] API OK (HTTP 200)
[18:56:55] ESCALATING: 6 consecutive failures — check .watchdog-status.json
[18:57:05] ERROR: Postgres is not reachable
[18:57:05] Frontend OK (HTTP 000000)
[18:57:05] API OK (HTTP 200)
[18:57:15] ERROR: Postgres is not reachable
[18:57:15] Frontend OK (HTTP 000000)
[18:57:15] API OK (HTTP 200)
[18:57:25] ERROR: Postgres is not reachable
[18:57:25] Frontend OK (HTTP 000000)
[18:57:26] API OK (HTTP 200)
[18:57:36] ERROR: Postgres is not reachable
[18:57:36] Frontend OK (HTTP 000000)
[18:57:36] API OK (HTTP 200)
[18:57:46] ERROR: Postgres is not reachable
[18:57:46] Frontend OK (HTTP 000000)
[18:57:46] API OK (HTTP 200)
[18:57:56] ERROR: Postgres is not reachable
[18:57:56] Frontend OK (HTTP 000000)
[18:57:56] API OK (HTTP 200)
[18:57:56] ESCALATING: 6 consecutive failures — check .watchdog-status.json
[18:58:06] ERROR: Postgres is not reachable
[18:58:06] Frontend OK (HTTP 000000)
[18:58:06] API OK (HTTP 200)
[18:58:16] ERROR: Postgres is not reachable
[18:58:16] Frontend OK (HTTP 000000)
[18:58:16] API OK (HTTP 200)
[18:58:26] ERROR: Postgres is not reachable
[18:58:26] Frontend OK (HTTP 000000)
[18:58:27] API OK (HTTP 200)
[18:58:37] ERROR: Postgres is not reachable
[18:58:37] Frontend OK (HTTP 000000)
[18:58:37] API OK (HTTP 200)
[18:58:47] ERROR: Postgres is not reachable
[18:58:47] Frontend OK (HTTP 000000)
[18:58:47] API OK (HTTP 200)
[18:58:57] ERROR: Postgres is not reachable
[18:58:57] Frontend OK (HTTP 000000)
[18:58:57] API OK (HTTP 200)
[18:58:57] ESCALATING: 6 consecutive failures — check .watchdog-status.json
[18:59:07] ERROR: Postgres is not reachable
[18:59:07] Frontend OK (HTTP 000000)
[18:59:07] API OK (HTTP 200)
[18:59:17] ERROR: Postgres is not reachable
[18:59:17] Frontend OK (HTTP 000000)
[18:59:17] API OK (HTTP 200)
[18:59:27] ERROR: Postgres is not reachable
[18:59:27] Frontend OK (HTTP 000000)
[18:59:27] API OK (HTTP 200)
[18:59:38] ERROR: Postgres is not reachable
[18:59:38] Frontend OK (HTTP 000000)
[18:59:38] API OK (HTTP 200)
[18:59:48] ERROR: Postgres is not reachable
[18:59:48] Frontend OK (HTTP 000000)
[18:59:48] API OK (HTTP 200)
[18:59:58] ERROR: Postgres is not reachable
[18:59:58] Frontend OK (HTTP 000000)
[18:59:58] API OK (HTTP 200)
[18:59:58] ESCALATING: 6 consecutive failures — check .watchdog-status.json
[19:00:08] ERROR: Postgres is not reachable
[19:00:08] Frontend OK (HTTP 000000)
[19:00:08] API OK (HTTP 200)
[19:00:18] ERROR: Postgres is not reachable
[19:00:18] Frontend OK (HTTP 000000)
[19:00:18] API OK (HTTP 200)
[19:00:28] ERROR: Postgres is not reachable
[19:00:28] Frontend OK (HTTP 000000)
[19:00:28] API OK (HTTP 200)
[19:00:38] ERROR: Postgres is not reachable
[19:00:39] Frontend OK (HTTP 000000)
[19:00:39] API OK (HTTP 200)
[19:00:49] ERROR: Postgres is not reachable
[19:00:49] Frontend OK (HTTP 000000)
[19:00:49] API OK (HTTP 200)
[19:00:59] ERROR: Postgres is not reachable
[19:00:59] Frontend OK (HTTP 000000)
[19:00:59] API OK (HTTP 200)
[19:00:59] ESCALATING: 6 consecutive failures — check .watchdog-status.json
[19:01:09] ERROR: Postgres is not reachable
[19:01:09] Frontend OK (HTTP 000000)
[19:01:09] API OK (HTTP 200)
[19:01:19] ERROR: Postgres is not reachable
[19:01:19] Frontend OK (HTTP 000000)
[19:01:19] API OK (HTTP 200)
[19:01:29] ERROR: Postgres is not reachable
[19:01:29] Frontend OK (HTTP 000000)
[19:01:29] API OK (HTTP 200)
[19:01:39] ERROR: Postgres is not reachable
[19:01:39] Frontend OK (HTTP 000000)
[19:01:39] API OK (HTTP 200)
[19:01:50] ERROR: Postgres is not reachable
[19:01:50] Frontend OK (HTTP 000000)
[19:01:50] API OK (HTTP 200)
[19:02:00] ERROR: Postgres is not reachable
[19:02:00] Frontend OK (HTTP 000000)
[19:02:00] API OK (HTTP 200)
[19:02:00] ESCALATING: 6 consecutive failures — check .watchdog-status.json
[19:02:10] ERROR: Postgres is not reachable
[19:02:10] Frontend OK (HTTP 000000)
[19:02:10] API OK (HTTP 200)
[19:02:20] ERROR: Postgres is not reachable
[19:02:20] Frontend OK (HTTP 000000)
[19:02:20] API OK (HTTP 200)
[19:02:30] ERROR: Postgres is not reachable
[19:02:30] Frontend OK (HTTP 000000)
[19:02:30] API OK (HTTP 200)
[19:02:40] ERROR: Postgres is not reachable
[19:02:40] Frontend OK (HTTP 000000)
[19:02:40] API OK (HTTP 200)
[19:02:50] ERROR: Postgres is not reachable
[19:02:50] Frontend OK (HTTP 000000)
[19:02:50] API OK (HTTP 200)
[19:03:01] ERROR: Postgres is not reachable
[19:03:01] Frontend OK (HTTP 000000)
[19:03:01] API OK (HTTP 200)
[19:03:01] ESCALATING: 6 consecutive failures — check .watchdog-status.json
[19:03:11] ERROR: Postgres is not reachable
[19:03:11] Frontend OK (HTTP 000000)
[19:03:11] API OK (HTTP 200)
